/Users/cedricberard/Library/Python/3.9/lib/python/site-packages/urllib3/__init__.py:35: NotOpenSSLWarning: urllib3 v2 only supports OpenSSL 1.1.1+, currently the 'ssl' module is compiled with 'LibreSSL 2.8.3'. See: https://github.com/urllib3/urllib3/issues/3020
  warnings.warn(
2026-07-18 13:39:31,769 INFO __main__: Overpass POST https://overpass-api.de/api/interpreter (attempt 1/4)
2026-07-18 13:39:32,046 WARNING __main__: Overpass HTTP 406; trying next endpoint after 5s
2026-07-18 13:39:37,050 INFO __main__: Overpass POST https://overpass.kumi.systems/api/interpreter (attempt 1/4)
2026-07-18 13:39:37,720 WARNING __main__: Overpass HTTP 429; trying next endpoint after 5s
2026-07-18 13:39:42,725 INFO __main__: Overpass POST https://overpass.private.coffee/api/interpreter (attempt 1/4)
2026-07-18 13:39:42,907 WARNING __main__: Overpass HTTP 429; trying next endpoint after 5s
2026-07-18 13:39:47,911 ERROR __main__: All 3 Overpass endpoints failed; returning None per Convention #56
2026-07-18 13:39:47,913 INFO __main__: Overpass POST https://overpass-api.de/api/interpreter (attempt 1/4)
2026-07-18 13:39:48,128 WARNING __main__: Overpass HTTP 406; trying next endpoint after 5s
2026-07-18 13:39:53,132 INFO __main__: Overpass POST https://overpass.kumi.systems/api/interpreter (attempt 1/4)
2026-07-18 13:39:53,334 WARNING __main__: Overpass HTTP 429; trying next endpoint after 5s
2026-07-18 13:39:58,338 INFO __main__: Overpass POST https://overpass.private.coffee/api/interpreter (attempt 1/4)
2026-07-18 13:39:58,519 WARNING __main__: Overpass HTTP 429; trying next endpoint after 5s
2026-07-18 13:40:03,522 ERROR __main__: All 3 Overpass endpoints failed; returning None per Convention #56
2026-07-18 13:40:03,523 INFO __main__: Overpass POST https://overpass-api.de/api/interpreter (attempt 1/4)
2026-07-18 13:40:03,781 WARNING __main__: Overpass HTTP 406; trying next endpoint after 5s
2026-07-18 13:40:08,783 INFO __main__: Overpass POST https://overpass.kumi.systems/api/interpreter (attempt 1/4)
2026-07-18 13:40:08,972 WARNING __main__: Overpass HTTP 429; trying next endpoint after 5s
2026-07-18 13:40:13,978 INFO __main__: Overpass POST https://overpass.private.coffee/api/interpreter (attempt 1/4)
2026-07-18 13:40:14,165 WARNING __main__: Overpass HTTP 429; trying next endpoint after 5s
2026-07-18 13:40:19,170 ERROR __main__: All 3 Overpass endpoints failed; returning None per Convention #56
2026-07-18 13:40:19,172 INFO __main__: Total OSM substations pre-filter: 0
2026-07-18 13:40:19,172 INFO __main__: Overpass POST https://overpass-api.de/api/interpreter (attempt 1/4)
2026-07-18 13:40:19,437 WARNING __main__: Overpass HTTP 406; trying next endpoint after 5s
2026-07-18 13:40:24,438 INFO __main__: Overpass POST https://overpass.kumi.systems/api/interpreter (attempt 1/4)
2026-07-18 13:40:24,617 WARNING __main__: Overpass HTTP 429; trying next endpoint after 5s
2026-07-18 13:40:29,620 INFO __main__: Overpass POST https://overpass.private.coffee/api/interpreter (attempt 1/4)
2026-07-18 13:40:29,798 WARNING __main__: Overpass HTTP 429; trying next endpoint after 5s
2026-07-18 13:40:34,798 ERROR __main__: All 3 Overpass endpoints failed; returning None per Convention #56
2026-07-18 13:40:34,803 WARNING scripts.pipeline.ingestion.turkey._base: cross_border filter unavailable; passing through 0 features
2026-07-18 13:40:34,804 WARNING scripts.pipeline.ingestion.turkey._base: cross_border filter unavailable; passing through 0 features
2026-07-18 13:40:34,804 INFO __main__: Owner enrichment: 0 direct OSM (0 alias-normalised) + 0 TEİAŞ + 0+0+0 §4bis.5 Istanbul 3-way (8th enforcement) + 0 nuclear + 0 region_DSO
2026-07-18 13:40:34,804 INFO __main__: Discipline #41: Discipline #41 DEGENERATE — 0 substations.
2026-07-18 13:40:34,805 INFO scripts.pipeline.ingestion.turkey._base: Wrote audit sidecar /Users/cedricberard/ikengassiindex.github.io/scripts/pipeline/data/turkey/v4_23-ingestion-audit-turkey--osm-overpass.yaml (1219 bytes)

TR-P30-osm-overpass fetch complete
  substations:        0
  transmission_lines: 0
  raw_bytes_fetched:  0
  raw_sha256:         8ad763fb5c70c4597003c63478ddb058598a1653082359df9cf01ee908b9f3bc
  Owner-provenance distribution:
  Distinct operators: 0
  Top 20 operators:

  ⚠ Convention #56 partial — OSM substation way fetch failed: all endpoints 504/timeout
  ⚠ Convention #56 partial — OSM substation node fetch failed: partial-fetch preserved
  ⚠ Convention #56 partial — OSM substation relation fetch failed: partial-fetch preserved
  ⚠ Convention #56 partial — OSM line fetch failed: partial-fetch preserved — lines=[]
/Users/cedricberard/Library/Python/3.9/lib/python/site-packages/urllib3/__init__.py:35: NotOpenSSLWarning: urllib3 v2 only supports OpenSSL 1.1.1+, currently the 'ssl' module is compiled with 'LibreSSL 2.8.3'. See: https://github.com/urllib3/urllib3/issues/3020
  warnings.warn(
2026-07-18 13:42:40,144 INFO __main__: Overpass POST https://overpass-api.de/api/interpreter (attempt 1/4)
2026-07-18 13:42:59,644 INFO __main__: Fetched 3310452 bytes to cache 4e0038cfcc376f8c.json
2026-07-18 13:42:59,694 INFO __main__: Parsed 4795 substations from OSM Overpass (way)
2026-07-18 13:42:59,694 INFO __main__: Overpass POST https://overpass-api.de/api/interpreter (attempt 1/4)
2026-07-18 13:43:18,279 INFO __main__: Fetched 74565 bytes to cache 5a4648d1bc87c351.json
2026-07-18 13:43:18,289 INFO __main__: Parsed 443 additional substations (node)
2026-07-18 13:43:18,289 INFO __main__: Overpass POST https://overpass-api.de/api/interpreter (attempt 1/4)
2026-07-18 13:43:19,120 INFO __main__: Fetched 25387 bytes to cache 425cd56cdc1868cc.json
2026-07-18 13:43:19,138 INFO __main__: Parsed 11 additional substations (relation)
2026-07-18 13:43:19,138 INFO __main__: Total OSM substations pre-filter: 5249
2026-07-18 13:43:19,138 INFO __main__: Overpass POST https://overpass-api.de/api/interpreter (attempt 1/4)
2026-07-18 13:43:26,323 WARNING __main__: Overpass HTTP 429; trying next endpoint after 5s
2026-07-18 13:43:31,327 INFO __main__: Overpass POST https://overpass.kumi.systems/api/interpreter (attempt 1/4)
2026-07-18 13:45:31,499 WARNING __main__: Overpass timeout at https://overpass.kumi.systems/api/interpreter; trying next endpoint after 5s
2026-07-18 13:45:36,505 INFO __main__: Overpass POST https://overpass.private.coffee/api/interpreter (attempt 1/4)
2026-07-18 13:47:32,897 INFO __main__: Fetched 45473673 bytes to cache 60d9bc1cdbd04c72.json
2026-07-18 13:47:33,171 INFO __main__: Parsed 21283 lines from OSM Overpass
2026-07-18 13:47:33,173 WARNING scripts.pipeline.ingestion.turkey._base: cross_border filter unavailable; passing through 5249 features
2026-07-18 13:47:33,173 WARNING scripts.pipeline.ingestion.turkey._base: cross_border filter unavailable; passing through 21283 features
2026-07-18 13:47:33,178 INFO __main__: Owner enrichment: 2270 direct OSM (75 alias-normalised) + 2882 TEİAŞ + 29+23+5 §4bis.5 Istanbul 3-way (8th enforcement) + 0 nuclear + 40 region_DSO
2026-07-18 13:47:33,178 INFO __main__: Discipline #41: Discipline #41 OK — 5249 substations + 21283 lines (ratio 4.05).
2026-07-18 13:47:33,179 INFO scripts.pipeline.ingestion.turkey._base: Wrote audit sidecar /Users/cedricberard/ikengassiindex.github.io/scripts/pipeline/data/turkey/v4_23-ingestion-audit-turkey--osm-overpass.yaml (1542 bytes)

TR-P30-osm-overpass fetch complete
  substations:        5,249
  transmission_lines: 21,283
  raw_bytes_fetched:  48,884,077
  raw_sha256:         8e443303aa8be66f328abd7e22e50d5f047811d8df43b014a5d89cccab6a9e54
  Owner-provenance distribution:
     2806  region_jurisdiction_layer_6_TEİAŞ_catch_all_default
     2195  osm_operator_tag_direct
       76  region_jurisdiction_layer_1_TEİAŞ_TSO_threshold_ge_154kv
       75  osm_operator_tag_direct_alias_normalised
       39  region_jurisdiction_layer_3b_TREDAŞ_via_admin_map
       29  region_jurisdiction_layer_3_4bis5_8th_enforcement_BEDAŞ_via_Istanbul_geofence
       23  region_jurisdiction_layer_3_4bis5_8th_enforcement_AYEDAŞ_via_Istanbul_geofence
        5  region_jurisdiction_layer_3_4bis5_8th_enforcement_BOĞAZİÇİ_strait_via_geofence
        1  region_jurisdiction_layer_3b_UEDAŞ_via_admin_map
  Distinct operators: 57
  Top 20 operators:
     4232  TEİAŞ
      677  TREDAŞ
       79  BEDAŞ
       66  TCDD
       37  AYEDAŞ
       22  Ç.O.S.B.
       18  TEDAŞ
       17  UEDAŞ
       16  ÇOSB
       10  OEDAŞ
        8  Gediz Elektrik
        5  Електроенергиен системен оператор
        5  BOĞAZİÇİ
        4  SEDAŞ
        3  სს "თელასი"
        3  BOTAŞ
        2  Telasi
        2  Iraqi Ministry of Electricity
        2  ADM EDAŞ
        2  НКЖИ
