/Users/cedricberard/Library/Python/3.9/lib/python/site-packages/urllib3/__init__.py:35: NotOpenSSLWarning: urllib3 v2 only supports OpenSSL 1.1.1+, currently the 'ssl' module is compiled with 'LibreSSL 2.8.3'. See: https://github.com/urllib3/urllib3/issues/3020
  warnings.warn(
2026-07-18 14:02:05,045 INFO __main__: Fetching OSM Turkey (subs + lines one-shot; single-query pattern)...
2026-07-18 14:02:05,048 INFO scripts.pipeline.ingestion.turkey.osm_overpass: Cache hit: 4e0038cfcc376f8c.json (3310452 bytes)
2026-07-18 14:02:05,068 INFO scripts.pipeline.ingestion.turkey.osm_overpass: Parsed 4795 substations from OSM Overpass (way)
2026-07-18 14:02:05,068 INFO scripts.pipeline.ingestion.turkey.osm_overpass: Cache hit: 5a4648d1bc87c351.json (74565 bytes)
2026-07-18 14:02:05,069 INFO scripts.pipeline.ingestion.turkey.osm_overpass: Parsed 443 additional substations (node)
2026-07-18 14:02:05,069 INFO scripts.pipeline.ingestion.turkey.osm_overpass: Cache hit: 425cd56cdc1868cc.json (25387 bytes)
2026-07-18 14:02:05,073 INFO scripts.pipeline.ingestion.turkey.osm_overpass: Parsed 11 additional substations (relation)
2026-07-18 14:02:05,073 INFO scripts.pipeline.ingestion.turkey.osm_overpass: Total OSM substations pre-filter: 5249
2026-07-18 14:02:05,087 INFO scripts.pipeline.ingestion.turkey.osm_overpass: Cache hit: 60d9bc1cdbd04c72.json (45473673 bytes)
2026-07-18 14:02:05,353 INFO scripts.pipeline.ingestion.turkey.osm_overpass: Parsed 21283 lines from OSM Overpass
2026-07-18 14:02:05,354 WARNING scripts.pipeline.ingestion.turkey._base: cross_border filter unavailable; passing through 5249 features
2026-07-18 14:02:05,354 WARNING scripts.pipeline.ingestion.turkey._base: cross_border filter unavailable; passing through 21283 features
2026-07-18 14:02:05,359 INFO scripts.pipeline.ingestion.turkey.osm_overpass: Owner enrichment: 2270 direct OSM (75 alias-normalised) + 2882 TEİAŞ + 29+23+5 §4bis.5 Istanbul 3-way (8th enforcement) + 0 nuclear + 40 region_DSO
2026-07-18 14:02:05,359 INFO scripts.pipeline.ingestion.turkey.osm_overpass: Discipline #41: Discipline #41 OK — 5249 substations + 21283 lines (ratio 4.05).
2026-07-18 14:02:05,359 INFO scripts.pipeline.ingestion.turkey._base: Wrote audit sidecar /Users/cedricberard/ikengassiindex.github.io/scripts/pipeline/data/turkey/v4_23-ingestion-audit-turkey--osm-overpass.yaml (1542 bytes)
2026-07-18 14:02:05,360 INFO __main__: OSM ingestion: 5249 substations + 21283 lines + SHA-256 8e443303aa8be66f328abd7e22e50d5f047811d8df43b014a5d89cccab6a9e54
2026-07-18 14:02:05,360 INFO __main__: Loading /Users/cedricberard/ikengassiindex.github.io/turkey/ssi-data.json ...
2026-07-18 14:02:05,417 INFO __main__:   existing: 4001 substations
2026-07-18 14:02:05,417 INFO __main__: Loading /Users/cedricberard/ikengassiindex.github.io/turkey/grid-geo.json ...
2026-07-18 14:02:05,428 INFO __main__:   existing: 0 lines
2026-07-18 14:02:06,301 INFO __main__: Wrote voltage cross-validation report: /Users/cedricberard/ikengassiindex.github.io/turkey/v4_23-voltage-cross-validation.json (69 findings across 361 matched pairs)
2026-07-18 14:02:06,301 INFO __main__: Substation merge: 361 enriched + 0 voltage-filled + 82 net-new + 69 xcheck findings
2026-07-18 14:02:06,301 INFO __main__: Step 4b retroactive attribution: 361 subs closed via 8-layer multi-DSO resolver
2026-07-18 14:02:06,323 INFO __main__: Line merge: 21283 appended + 0 deduped (existing tier match)
2026-07-18 14:02:06,409 INFO __main__: Wrote /Users/cedricberard/ikengassiindex.github.io/turkey/ssi-data.json (7.9 MB, 4083 substations)

Merge stats:
  enriched: 361
  voltage_filled: 0
  net_new_substations: 82
  voltage_xcheck_findings: 69
  step_4b_retroactive_attribution: 361
  final_substation_count: 4083
  lines_appended: 21283
  lines_deduped: 0
  final_line_count: 21283
  raw_sha256: 8e443303aa8be66f328abd7e22e50d5f047811d8df43b014a5d89cccab6a9e54
  raw_bytes_fetched: 48884077
