/Users/cedricberard/Library/Python/3.9/lib/python/site-packages/urllib3/__init__.py:35: NotOpenSSLWarning: urllib3 v2 only supports OpenSSL 1.1.1+, currently the 'ssl' module is compiled with 'LibreSSL 2.8.3'. See: https://github.com/urllib3/urllib3/issues/3020
  warnings.warn(
══════════════════════════════════════════════════════════════════════
Japan P35 Wave 4 — OSM Overpass fetch
🇯🇵 9-regional-utility architecture + 50/60 Hz frequency split
cache_dir: japan/_cache
══════════════════════════════════════════════════════════════════════
[subs] bbox-split fetching 9 zones
[subs/hokkaido] Hokkaido island (HEPCO Network 50 Hz + Sapporo + Asahikawa + Hakodate + Rebun+Rishiri)
[subs/hokkaido] bbox (41.35, 139.75, 45.53, 145.82)
[subs/hokkaido] endpoint 1/3 attempt 1/3 → https://overpass-api.de/api/interpreter
[subs/hokkaido] ✓ HTTP 200 (278,560 bytes)
[subs/hokkaido] cached → japan/_cache/overpass-subs-hokkaido.json
[subs/hokkaido] +485 elements
[subs/tohoku] Tohoku region (Tohoku Network 50 Hz + Aomori + Iwate + Akita + Miyagi + Yamagata + Fukushima + Niigata)
[subs/tohoku] bbox (36.75, 138.5, 41.6, 142.1)
[subs/tohoku] endpoint 1/3 attempt 1/3 → https://overpass-api.de/api/interpreter
[subs/tohoku] ✓ HTTP 200 (456,252 bytes)
[subs/tohoku] cached → japan/_cache/overpass-subs-tohoku.json
[subs/tohoku] +992 elements
[subs/kanto_tepco] Kanto region (TEPCO Power Grid 50 Hz + Tokyo + Yokohama + Saitama + Chiba + Ibaraki + Tochigi + Gunma + Shizuoka east)
[subs/kanto_tepco] bbox (34.9, 138.7, 37.1, 141.1)
[subs/kanto_tepco] endpoint 1/3 attempt 1/3 → https://overpass-api.de/api/interpreter
[subs/kanto_tepco] ✓ HTTP 200 (923,261 bytes)
[subs/kanto_tepco] cached → japan/_cache/overpass-subs-kanto_tepco.json
[subs/kanto_tepco] +1,698 elements
[subs/chubu] Chubu region (Chubu Power Grid 60 Hz + Nagoya + Aichi + Gifu + Mie + Nagano + Shizuoka west)
[subs/chubu] bbox (33.3, 135.9, 37.1, 138.9)
[subs/chubu] endpoint 1/3 attempt 1/3 → https://overpass-api.de/api/interpreter
[subs/chubu] ✓ HTTP 200 (446,558 bytes)
[subs/chubu] cached → japan/_cache/overpass-subs-chubu.json
[subs/chubu] +1,071 elements
[subs/hokuriku] Hokuriku region (Hokuriku T&D 60 Hz + Toyama + Ishikawa + Fukui)
[subs/hokuriku] bbox (35.9, 135.6, 37.6, 137.9)
[subs/hokuriku] endpoint 1/3 attempt 1/3 → https://overpass-api.de/api/interpreter
[subs/hokuriku] ⚠ HTTP 504 rate-limit/timeout, backing off 30s
[subs/hokuriku] endpoint 1/3 attempt 2/3 → https://overpass-api.de/api/interpreter
[subs/hokuriku] ✓ HTTP 200 (102,922 bytes)
[subs/hokuriku] cached → japan/_cache/overpass-subs-hokuriku.json
[subs/hokuriku] +255 elements
[subs/kansai] Kansai region (Kansai T&D 60 Hz + Osaka + Kyoto + Hyogo + Nara + Wakayama + Shiga)
[subs/kansai] bbox (33.4, 134.2, 35.9, 136.6)
[subs/kansai] endpoint 1/3 attempt 1/3 → https://overpass-api.de/api/interpreter
[subs/kansai] ✓ HTTP 200 (405,521 bytes)
[subs/kansai] cached → japan/_cache/overpass-subs-kansai.json
[subs/kansai] +900 elements
[subs/chugoku] Chugoku region (Chugoku Network 60 Hz + Hiroshima + Okayama + Yamaguchi + Tottori + Shimane)
[subs/chugoku] bbox (33.75, 130.85, 35.85, 134.55)
[subs/chugoku] endpoint 1/3 attempt 1/3 → https://overpass-api.de/api/interpreter
[subs/chugoku] ✓ HTTP 200 (261,153 bytes)
[subs/chugoku] cached → japan/_cache/overpass-subs-chugoku.json
[subs/chugoku] +551 elements
[subs/shikoku] Shikoku island (Shikoku T&D 60 Hz + Kagawa + Ehime + Kochi + Tokushima)
[subs/shikoku] bbox (32.7, 132.0, 34.55, 134.75)
[subs/shikoku] endpoint 1/3 attempt 1/3 → https://overpass-api.de/api/interpreter
[subs/shikoku] ⚠ HTTP 429 rate-limit/timeout, backing off 30s
[subs/shikoku] endpoint 1/3 attempt 2/3 → https://overpass-api.de/api/interpreter
[subs/shikoku] ✓ HTTP 200 (143,525 bytes)
[subs/shikoku] cached → japan/_cache/overpass-subs-shikoku.json
[subs/shikoku] +318 elements
[subs/kyushu_okinawa] Kyushu island + Okinawa Prefecture (Kyushu T&D 60 Hz + Okinawa EPCO ISLANDED + Sakishima + Miyako + Ishigaki + Yonaguni + Amami)
[subs/kyushu_okinawa] bbox (24.05, 122.93, 33.9, 132.05)
[subs/kyushu_okinawa] endpoint 1/3 attempt 1/3 → https://overpass-api.de/api/interpreter
[subs/kyushu_okinawa] ✓ HTTP 200 (393,238 bytes)
[subs/kyushu_okinawa] cached → japan/_cache/overpass-subs-kyushu_okinawa.json
[subs/kyushu_okinawa] +803 elements
[subs] ✓ assembled 7,073 total subs elements
[subs] cached → japan/_cache/overpass-subs-raw.json

[lines] bbox-split fetching 9 zones
[lines/hokkaido] Hokkaido island (HEPCO Network 50 Hz + Sapporo + Asahikawa + Hakodate + Rebun+Rishiri)
[lines/hokkaido] bbox (41.35, 139.75, 45.53, 145.82)
[lines/hokkaido] endpoint 1/3 attempt 1/3 → https://overpass-api.de/api/interpreter
[lines/hokkaido] ✓ HTTP 200 (5,434,912 bytes)
[lines/hokkaido] cached → japan/_cache/overpass-lines-hokkaido.json
[lines/hokkaido] +4,638 elements
[lines/tohoku] Tohoku region (Tohoku Network 50 Hz + Aomori + Iwate + Akita + Miyagi + Yamagata + Fukushima + Niigata)
[lines/tohoku] bbox (36.75, 138.5, 41.6, 142.1)
[lines/tohoku] endpoint 1/3 attempt 1/3 → https://overpass-api.de/api/interpreter
[lines/tohoku] ⚠ HTTP 429 rate-limit/timeout, backing off 30s
[lines/tohoku] endpoint 1/3 attempt 2/3 → https://overpass-api.de/api/interpreter
[lines/tohoku] ✓ HTTP 200 (7,006,875 bytes)
[lines/tohoku] cached → japan/_cache/overpass-lines-tohoku.json
[lines/tohoku] +7,074 elements
[lines/kanto_tepco] Kanto region (TEPCO Power Grid 50 Hz + Tokyo + Yokohama + Saitama + Chiba + Ibaraki + Tochigi + Gunma + Shizuoka east)
[lines/kanto_tepco] bbox (34.9, 138.7, 37.1, 141.1)
[lines/kanto_tepco] endpoint 1/3 attempt 1/3 → https://overpass-api.de/api/interpreter
[lines/kanto_tepco] ⚠ HTTP 504 rate-limit/timeout, backing off 30s
[lines/kanto_tepco] endpoint 1/3 attempt 2/3 → https://overpass-api.de/api/interpreter
[lines/kanto_tepco] ✓ HTTP 200 (7,897,427 bytes)
[lines/kanto_tepco] cached → japan/_cache/overpass-lines-kanto_tepco.json
[lines/kanto_tepco] +8,580 elements
[lines/chubu] Chubu region (Chubu Power Grid 60 Hz + Nagoya + Aichi + Gifu + Mie + Nagano + Shizuoka west)
[lines/chubu] bbox (33.3, 135.9, 37.1, 138.9)
[lines/chubu] endpoint 1/3 attempt 1/3 → https://overpass-api.de/api/interpreter
[lines/chubu] ⚠ HTTP 504 rate-limit/timeout, backing off 30s
[lines/chubu] endpoint 1/3 attempt 2/3 → https://overpass-api.de/api/interpreter
[lines/chubu] ✓ HTTP 200 (7,750,822 bytes)
[lines/chubu] cached → japan/_cache/overpass-lines-chubu.json
[lines/chubu] +7,282 elements
[lines/hokuriku] Hokuriku region (Hokuriku T&D 60 Hz + Toyama + Ishikawa + Fukui)
[lines/hokuriku] bbox (35.9, 135.6, 37.6, 137.9)
[lines/hokuriku] endpoint 1/3 attempt 1/3 → https://overpass-api.de/api/interpreter
[lines/hokuriku] ✓ HTTP 200 (2,716,703 bytes)
[lines/hokuriku] cached → japan/_cache/overpass-lines-hokuriku.json
[lines/hokuriku] +2,957 elements
[lines/kansai] Kansai region (Kansai T&D 60 Hz + Osaka + Kyoto + Hyogo + Nara + Wakayama + Shiga)
[lines/kansai] bbox (33.4, 134.2, 35.9, 136.6)
[lines/kansai] endpoint 1/3 attempt 1/3 → https://overpass-api.de/api/interpreter
[lines/kansai] ✓ HTTP 200 (4,336,607 bytes)
[lines/kansai] cached → japan/_cache/overpass-lines-kansai.json
[lines/kansai] +4,205 elements
[lines/chugoku] Chugoku region (Chugoku Network 60 Hz + Hiroshima + Okayama + Yamaguchi + Tottori + Shimane)
[lines/chugoku] bbox (33.75, 130.85, 35.85, 134.55)
[lines/chugoku] endpoint 1/3 attempt 1/3 → https://overpass-api.de/api/interpreter
[lines/chugoku] ✓ HTTP 200 (3,653,038 bytes)
[lines/chugoku] cached → japan/_cache/overpass-lines-chugoku.json
[lines/chugoku] +3,420 elements
[lines/shikoku] Shikoku island (Shikoku T&D 60 Hz + Kagawa + Ehime + Kochi + Tokushima)
[lines/shikoku] bbox (32.7, 132.0, 34.55, 134.75)
[lines/shikoku] endpoint 1/3 attempt 1/3 → https://overpass-api.de/api/interpreter
[lines/shikoku] ✓ HTTP 200 (1,960,851 bytes)
[lines/shikoku] cached → japan/_cache/overpass-lines-shikoku.json
[lines/shikoku] +1,830 elements
[lines/kyushu_okinawa] Kyushu island + Okinawa Prefecture (Kyushu T&D 60 Hz + Okinawa EPCO ISLANDED + Sakishima + Miyako + Ishigaki + Yonaguni + Amami)
[lines/kyushu_okinawa] bbox (24.05, 122.93, 33.9, 132.05)
[lines/kyushu_okinawa] endpoint 1/3 attempt 1/3 → https://overpass-api.de/api/interpreter
[lines/kyushu_okinawa] ⚠ HTTP 429 rate-limit/timeout, backing off 30s
[lines/kyushu_okinawa] endpoint 1/3 attempt 2/3 → https://overpass-api.de/api/interpreter
[lines/kyushu_okinawa] ✓ HTTP 200 (3,767,663 bytes)
[lines/kyushu_okinawa] cached → japan/_cache/overpass-lines-kyushu_okinawa.json
[lines/kyushu_okinawa] +3,342 elements
[lines] ✓ assembled 43,328 total lines elements
[lines] cached → japan/_cache/overpass-lines-raw.json

══════════════════════════════════════════════════════════════════════
✓ Japan P35 fetch complete: 7,073 sub elements + 43,328 line elements
══════════════════════════════════════════════════════════════════════
