══════════════════════════════════════════════════════════════════════
Japan P35 Wave 4 — Merge OSM into ssi-data.json + grid-geo.json
🇯🇵 9-regional-utility + 50/60 Hz + 6.6 kV MV UNIQUE cohort-wide
══════════════════════════════════════════════════════════════════════
[baseline] subs pre-fetch: 5,893
[baseline] lines pre-fetch: 11,628

[subs] processed 7,073 subs
[subs] filtered no-coords: 0
[subs] filtered out-of-bbox (Discipline #36): 0
[subs] filtered no-voltage (unresolvable): 0
[subs] voltage inferred (Portugal P33 bi-directional): 3,033
[subs] Convention #78 alias hits: 2,880
[subs] Resolution layer counts:
[subs]   alias_hit: 2,432
[subs]   voltage_subtransmission_66: 1,114
[subs]   regional_utility_chubu_power_grid_coord_voltage_inferred: 493
[subs]   alias_hit_voltage_inferred: 448
[subs]   regional_utility_tepco_power_grid_coord_voltage_inferred: 382
[subs]   regional_utility_kansai_td_coord_voltage_inferred: 321
[subs]   rail_traction_1_5kv_dc_voltage_inferred: 301
[subs]   voltage_regional_154: 245
[subs]   regional_utility_shikoku_td_coord_voltage_inferred: 230
[subs]   regional_utility_tohoku_epc_network_coord_voltage_inferred: 212
[subs]   regional_utility_hokuriku_epc_td_coord_voltage_inferred: 186
[subs]   regional_utility_kyushu_td_coord_voltage_inferred: 169
[subs]   regional_utility_chugoku_td_coord_voltage_inferred: 111
[subs]   regional_utility_hokkaido_epc_network_coord_voltage_inferred: 94
[subs]   voltage_hv_275_regional: 79
[subs]   voltage_ehv_regional: 67
[subs]   voltage_hv_275_regional_voltage_inferred: 62
[subs]   rail_traction_1_5kv_dc: 41
[subs]   regional_utility_tohoku_epc_network_coord: 24
[subs]   regional_utility_okinawa_electric_power_coord_voltage_inferred: 12
[subs]   fallback_default_tepco: 12
[subs]   regional_utility_hokkaido_epc_network_coord: 6
[subs]   minami_fukumitsu_fc_geofence_voltage_inferred: 6
[subs]   rail_traction_25kv_ac: 5
[subs]   regional_utility_tepco_power_grid_coord: 4
[subs]   regional_utility_shikoku_td_coord: 4
[subs]   regional_utility_kyushu_td_coord: 4
[subs]   sakuma_fc_geofence_voltage_inferred: 2
[subs]   higashi_shimizu_fc_geofence_voltage_inferred: 2
[subs]   shin_shinano_fc_geofence_voltage_inferred: 2
[subs]   regional_utility_okinawa_electric_power_coord: 2
[subs]   regional_utility_chubu_power_grid_coord: 1

[lines] building grid-based spatial index (0.1°/11km cells)
[lines] grid index: 1,943 occupied cells
[lines] processed 43,328 lines
[lines] voltage inferred (Sweden P32 pattern): 8,589
[lines] endpoint match rate: 60,784/86,656
[lines] adjacency entries: 2,857

[backup] backing up ssi-data.json + grid-geo.json
[emit] ssi-data.json: 7,073 subs
[emit] grid-geo.json: 7,073 s + 43,328 l + 2,857 a
[emit] audit sidecar → scripts/pipeline/data/japan/v4_23-ingestion-audit-japan-merge-sidecar.json

══════════════════════════════════════════════════════════════════════
✓ Japan P35 merge complete
  subs: 5,893 → 7,073 (+20.0%)
  lines: 11,628 → 43,328 (+272.6%)
  Convention #78 BINDING 17th alias hits: 2,880
  Portugal P33 bi-directional inferred: subs 3,033 + lines 8,589
  Discipline #41 parity: 6.13 (ABOVE_HEALTHY_BAND)
══════════════════════════════════════════════════════════════════════
