══════════════════════════════════════════════════════════════════════
Portugal P33 Wave 4 — Merge OSM into ssi-data.json + grid-geo.json
🇵🇹 Iberian synchronous grid + Sweden P32 Option B inheritance
══════════════════════════════════════════════════════════════════════
[baseline] subs pre-fetch: 10,066
[baseline] lines pre-fetch: 11,043

[subs] processed 3,490 subs
[subs] filtered no-coords: 0
[subs] filtered out-of-bbox (Discipline #36): 0
[subs] filtered no-voltage: 10,487
[subs] Convention #78 alias hits: 1,936
[subs] Resolution layer counts:
[subs]   alias_hit: 1,936
[subs]   voltage_lv_default: 702
[subs]   voltage_subtransmission: 349
[subs]   voltage_ehv: 347
[subs]   voltage_hv_transmission: 57
[subs]   fallback_default_dso: 43
[subs]   azores_bbox_carve_out: 35
[subs]   voltage_regional_transmission: 20
[subs]   madeira_bbox_carve_out: 1

[lines] building grid-based spatial index (0.1°/11km cells)
[lines] grid index: 631 occupied cells
[lines] processed 78,971 lines
[lines] voltage inferred (Sweden P32 Option B): 1,768
[lines] endpoint match rate: 33,350/157,942
[lines] adjacency entries: 2,285

[backup] backing up ssi-data.json + grid-geo.json
[emit] ssi-data.json: 3,490 subs
[emit] grid-geo.json: 3,490 s + 78,971 l + 2,285 a
[emit] audit sidecar → scripts/pipeline/data/portugal/v4_23-ingestion-audit-portugal-merge-sidecar.json

══════════════════════════════════════════════════════════════════════
✓ Portugal P33 merge complete
  subs: 10,066 → 3,490 (-65.3%)
  lines: 11,043 → 78,971 (+615.1%)
  Convention #78 BINDING 15th alias hits: 1,936
  Sweden P32 Option B voltage-inferred lines: 1,768
  Discipline #41 parity: 22.63 (ABOVE_HEALTHY_BAND)
══════════════════════════════════════════════════════════════════════
