/Users/cedricberard/Library/Python/3.9/lib/python/site-packages/urllib3/__init__.py:35: NotOpenSSLWarning: urllib3 v2 only supports OpenSSL 1.1.1+, currently the 'ssl' module is compiled with 'LibreSSL 2.8.3'. See: https://github.com/urllib3/urllib3/issues/3020
  warnings.warn(
══════════════════════════════════════════════════════════════════════
Portugal P33 Wave 4 — OSM Overpass fetch
🇵🇹 Iberian synchronous grid + Açores + Madeira archipelagos
cache_dir: portugal/_cache
══════════════════════════════════════════════════════════════════════
[subs] fetching Portugal 3-zone architecture (continental + Açores + Madeira)
[subs/continental] Continental Portugal (Algarve → Minho, Atlantic → Spanish border)
[subs/continental] bbox (36.96, -9.51, 42.15, -6.19)
[subs/continental] endpoint 1/3 attempt 1/3 → https://overpass-api.de/api/interpreter
[subs/continental] ✓ HTTP 200 (6,573,237 bytes)
[subs/continental] cached → portugal/_cache/overpass-subs-continental.json
[subs/continental] +13,829 elements
[subs/azores] Açores archipelago (9 populated islands, EDA islanded grid)
[subs/azores] bbox (36.9, -31.3, 39.7, -25.0)
[subs/azores] endpoint 1/3 attempt 1/3 → https://overpass-api.de/api/interpreter
[subs/azores] ⚠ HTTP 504 rate-limit/timeout, backing off 30s
[subs/azores] endpoint 1/3 attempt 2/3 → https://overpass-api.de/api/interpreter
[subs/azores] ✓ HTTP 200 (38,920 bytes)
[subs/azores] cached → portugal/_cache/overpass-subs-azores.json
[subs/azores] +88 elements
[subs/madeira] Madeira archipelago (Madeira + Porto Santo + Selvagens, EEM islanded)
[subs/madeira] bbox (32.4, -17.3, 33.1, -16.3)
[subs/madeira] endpoint 1/3 attempt 1/3 → https://overpass-api.de/api/interpreter
[subs/madeira] ⚠ HTTP 504 rate-limit/timeout, backing off 30s
[subs/madeira] endpoint 1/3 attempt 2/3 → https://overpass-api.de/api/interpreter
[subs/madeira] ✓ HTTP 200 (18,960 bytes)
[subs/madeira] cached → portugal/_cache/overpass-subs-madeira.json
[subs/madeira] +60 elements
[subs] ✓ assembled 13,977 total sub elements
[subs] cached → portugal/_cache/overpass-subs-raw.json

[lines] bbox-split fetching 7 zones
[lines/norte] Norte (Porto + Braga + Vila Real + Bragança + Douro Vinhateiro)
[lines/norte] bbox (40.6, -9.1, 42.15, -6.19)
[lines/norte] endpoint 1/3 attempt 1/3 → https://overpass-api.de/api/interpreter
[lines/norte] ✓ HTTP 200 (24,981,124 bytes)
[lines/norte] cached → portugal/_cache/overpass-lines-norte.json
[lines/norte] +27,677 elements
[lines/centro] Centro (Coimbra + Aveiro + Viseu + Guarda + Beira Interior)
[lines/centro] bbox (39.3, -9.51, 40.6, -6.19)
[lines/centro] endpoint 1/3 attempt 1/3 → https://overpass-api.de/api/interpreter
[lines/centro] ✓ HTTP 200 (20,815,110 bytes)
[lines/centro] cached → portugal/_cache/overpass-lines-centro.json
[lines/centro] +21,208 elements
[lines/lisboa_vale_tejo] Lisboa + Vale do Tejo (Lisboa + Setúbal + Santarém)
[lines/lisboa_vale_tejo] bbox (38.6, -9.51, 39.3, -8.0)
[lines/lisboa_vale_tejo] endpoint 1/3 attempt 1/3 → https://overpass-api.de/api/interpreter
[lines/lisboa_vale_tejo] ✓ HTTP 200 (9,178,609 bytes)
[lines/lisboa_vale_tejo] cached → portugal/_cache/overpass-lines-lisboa_vale_tejo.json
[lines/lisboa_vale_tejo] +9,845 elements
[lines/alentejo] Alentejo (Évora + Beja + Portalegre + wooden-pole rural MV dense)
[lines/alentejo] bbox (37.6, -9.0, 39.3, -6.19)
[lines/alentejo] endpoint 1/3 attempt 1/3 → https://overpass-api.de/api/interpreter
[lines/alentejo] ⚠ HTTP 504 rate-limit/timeout, backing off 30s
[lines/alentejo] endpoint 1/3 attempt 2/3 → https://overpass-api.de/api/interpreter
[lines/alentejo] ✓ HTTP 200 (15,761,406 bytes)
[lines/alentejo] cached → portugal/_cache/overpass-lines-alentejo.json
[lines/alentejo] +14,902 elements
[lines/algarve] Algarve (Faro + Portimão + Ria Formosa lagoons)
[lines/algarve] bbox (36.96, -9.1, 37.6, -7.3)
[lines/algarve] endpoint 1/3 attempt 1/3 → https://overpass-api.de/api/interpreter
[lines/algarve] ⚠ HTTP 504 rate-limit/timeout, backing off 30s
[lines/algarve] endpoint 1/3 attempt 2/3 → https://overpass-api.de/api/interpreter
[lines/algarve] ✓ HTTP 200 (4,542,365 bytes)
[lines/algarve] cached → portugal/_cache/overpass-lines-algarve.json
[lines/algarve] +4,554 elements
[lines/azores_lines] Açores 9 islands (EDA islanded grid)
[lines/azores_lines] bbox (36.9, -31.3, 39.7, -25.0)
[lines/azores_lines] endpoint 1/3 attempt 1/3 → https://overpass-api.de/api/interpreter
[lines/azores_lines] ✓ HTTP 200 (594,679 bytes)
[lines/azores_lines] cached → portugal/_cache/overpass-lines-azores_lines.json
[lines/azores_lines] +722 elements
[lines/madeira_lines] Madeira + Porto Santo (EEM islanded grid)
[lines/madeira_lines] bbox (32.4, -17.3, 33.1, -16.3)
[lines/madeira_lines] endpoint 1/3 attempt 1/3 → https://overpass-api.de/api/interpreter
[lines/madeira_lines] ⚠ HTTP 504 rate-limit/timeout, backing off 30s
[lines/madeira_lines] endpoint 1/3 attempt 2/3 → https://overpass-api.de/api/interpreter
[lines/madeira_lines] ✓ HTTP 200 (63,806 bytes)
[lines/madeira_lines] cached → portugal/_cache/overpass-lines-madeira_lines.json
[lines/madeira_lines] +63 elements
[lines] ✓ assembled 78,971 total line elements
[lines] cached → portugal/_cache/overpass-lines-raw.json

══════════════════════════════════════════════════════════════════════
✓ Portugal P33 fetch complete: 13,977 sub elements + 78,971 line elements
══════════════════════════════════════════════════════════════════════
