══════════════════════════════════════════════════════════════════════
Portugal P33 Wave 4 — Merge OSM into ssi-data.json + grid-geo.json
🇵🇹 Iberian synchronous grid + Sweden P32 Option B inheritance
══════════════════════════════════════════════════════════════════════
[baseline] subs pre-fetch: 3,490
[baseline] lines pre-fetch: 78,971

[subs] processed 13,977 subs
[subs] filtered no-coords: 0
[subs] filtered out-of-bbox (Discipline #36): 0
[subs] filtered no-voltage (unresolvable): 0
[subs] voltage inferred (HOTFIX Option B for subs): 10,487
[subs] Convention #78 alias hits: 10,587
[subs] Resolution layer counts:
[subs]   alias_hit_voltage_inferred: 8,651
[subs]   alias_hit: 1,936
[subs]   voltage_lv_default_voltage_inferred: 965
[subs]   fallback_default_dso_voltage_inferred: 763
[subs]   voltage_lv_default: 702
[subs]   voltage_subtransmission: 349
[subs]   voltage_ehv: 347
[subs]   voltage_hv_transmission: 57
[subs]   azores_bbox_carve_out_voltage_inferred: 53
[subs]   fallback_default_dso: 43
[subs]   madeira_bbox_carve_out_voltage_inferred: 37
[subs]   azores_bbox_carve_out: 35
[subs]   voltage_regional_transmission: 20
[subs]   rail_traction_frequency_voltage_inferred: 11
[subs]   voltage_hv_transmission_voltage_inferred: 7
[subs]   madeira_bbox_carve_out: 1

[lines] building grid-based spatial index (0.1°/11km cells)
[lines] grid index: 1,059 occupied cells
[lines] processed 78,971 lines
[lines] voltage inferred (Sweden P32 Option B): 1,768
[lines] endpoint match rate: 70,506/157,942
[lines] adjacency entries: 7,765

[backup] backing up ssi-data.json + grid-geo.json
[emit] ssi-data.json: 13,977 subs
[emit] grid-geo.json: 13,977 s + 78,971 l + 7,765 a
[emit] audit sidecar → scripts/pipeline/data/portugal/v4_23-ingestion-audit-portugal-merge-sidecar.json

══════════════════════════════════════════════════════════════════════
✓ Portugal P33 merge complete
  subs: 3,490 → 13,977 (+300.5%)
  lines: 78,971 → 78,971 (+0.0%)
  Convention #78 BINDING 15th alias hits: 10,587
  Sweden P32 Option B voltage-inferred lines: 1,768
  Discipline #41 parity: 5.65 (ABOVE_HEALTHY_BAND)
══════════════════════════════════════════════════════════════════════
