══════════════════════════════════════════════════════════════════════
Italy P34 Wave 4 — Merge OSM into ssi-data.json + grid-geo.json
🇮🇹 Post-2021 Terna 7-zone + Portugal P33 bi-directional Option B
══════════════════════════════════════════════════════════════════════
[baseline] subs pre-fetch: 4,293
[baseline] lines pre-fetch: 14,221

[subs] processed 51,910 subs
[subs] filtered no-coords: 0
[subs] filtered out-of-bbox (Discipline #36): 0
[subs] filtered no-voltage (unresolvable): 0
[subs] voltage inferred (Portugal P33 bi-directional): 42,039
[subs] Convention #78 alias hits: 8,427
[subs] Resolution layer counts:
[subs]   voltage_lv_default_voltage_inferred: 36,853
[subs]   alias_hit_voltage_inferred: 4,487
[subs]   alias_hit: 3,940
[subs]   voltage_lv_default: 2,481
[subs]   voltage_subtransmission_132: 1,423
[subs]   voltage_ehv: 1,340
[subs]   voltage_hv_transmission: 303
[subs]   voltage_regional_60: 242
[subs]   milan_e_distribuzione_geofence_voltage_inferred: 236
[subs]   south_tyrol_edyna_regional_voltage_inferred: 206
[subs]   rome_e_distribuzione_geofence_voltage_inferred: 79
[subs]   milan_a2a_unareti_geofence_voltage_inferred: 78
[subs]   fallback_default_dso: 56
[subs]   rail_traction_3kv_dc_voltage_inferred: 39
[subs]   rome_acea_geofence_voltage_inferred: 26
[subs]   voltage_hv_transmission_voltage_inferred: 23
[subs]   milan_e_distribuzione_geofence: 23
[subs]   rome_e_distribuzione_geofence: 19
[subs]   south_tyrol_edyna_regional: 14
[subs]   milan_a2a_unareti_geofence: 13
[subs]   aosta_valley_deval_regional_voltage_inferred: 12
[subs]   rome_acea_geofence: 7
[subs]   rail_traction_25kv_ac: 6
[subs]   aosta_valley_deval_regional: 3
[subs]   rail_traction_3kv_dc: 1

[lines] building grid-based spatial index (0.1°/11km cells)
[lines] grid index: 3,169 occupied cells
[lines] processed 94,407 lines
[lines] voltage inferred (Sweden P32 pattern): 56,727
[lines] endpoint match rate: 98,269/188,814
[lines] adjacency entries: 12,336

[backup] backing up ssi-data.json + grid-geo.json
[emit] ssi-data.json: 51,910 subs
[emit] grid-geo.json: 51,910 s + 94,407 l + 12,336 a
[emit] audit sidecar → scripts/pipeline/data/italy/v4_23-ingestion-audit-italy-merge-sidecar.json

══════════════════════════════════════════════════════════════════════
✓ Italy P34 merge complete
  subs: 4,293 → 51,910 (+1109.2%)
  lines: 14,221 → 94,407 (+563.9%)
  Convention #78 BINDING 16th alias hits: 8,427
  Milan §4bis.5 11th enforcement hits: 36
  Rome §4bis.5 12th enforcement hits: 26
  Portugal P33 bi-directional inferred: subs 42,039 + lines 56,727
  Discipline #41 parity: 1.82 (HEALTHY_BAND)
══════════════════════════════════════════════════════════════════════
