/Users/cedricberard/Library/Python/3.9/lib/python/site-packages/urllib3/__init__.py:35: NotOpenSSLWarning: urllib3 v2 only supports OpenSSL 1.1.1+, currently the 'ssl' module is compiled with 'LibreSSL 2.8.3'. See: https://github.com/urllib3/urllib3/issues/3020
  warnings.warn(
══════════════════════════════════════════════════════════════════════
Italy P34 Wave 4 — OSM Overpass fetch
🇮🇹 Post-2021 Terna 7-zone bidding architecture
cache_dir: italy/_cache
══════════════════════════════════════════════════════════════════════
[subs] bbox-split fetching 7 zones
[subs/nord] NORD (Piemonte + Val d'Aosta + Lombardia + Liguria + Emilia-Romagna + Veneto + Trentino-Alto Adige + Friuli-Venezia Giulia)
[subs/nord] bbox (43.3, 6.63, 47.09, 13.9)
[subs/nord] endpoint 1/3 attempt 1/3 → https://overpass-api.de/api/interpreter
[subs/nord] ✓ HTTP 200 (10,094,724 bytes)
[subs/nord] cached → italy/_cache/overpass-subs-nord.json
[subs/nord] +26,889 elements
[subs/cnor] CNOR (Toscana + Umbria + Marche)
[subs/cnor] bbox (42.2, 9.9, 44.5, 13.5)
[subs/cnor] endpoint 1/3 attempt 1/3 → https://overpass-api.de/api/interpreter
[subs/cnor] ✓ HTTP 200 (2,536,515 bytes)
[subs/cnor] cached → italy/_cache/overpass-subs-cnor.json
[subs/cnor] +7,258 elements
[subs/csud] CSUD (Lazio + Abruzzo + Campania + Molise)
[subs/csud] bbox (40.8, 11.5, 42.9, 14.9)
[subs/csud] endpoint 1/3 attempt 1/3 → https://overpass-api.de/api/interpreter
[subs/csud] ⚠ HTTP 504 rate-limit/timeout, backing off 30s
[subs/csud] endpoint 1/3 attempt 2/3 → https://overpass-api.de/api/interpreter
[subs/csud] ⚠ HTTP 504 rate-limit/timeout, backing off 60s
[subs/csud] endpoint 1/3 attempt 3/3 → https://overpass-api.de/api/interpreter
[subs/csud] ✓ HTTP 200 (860,098 bytes)
[subs/csud] cached → italy/_cache/overpass-subs-csud.json
[subs/csud] +2,100 elements
[subs/sud] SUD (Puglia + Basilicata)
[subs/sud] bbox (39.5, 14.3, 42.2, 18.52)
[subs/sud] endpoint 1/3 attempt 1/3 → https://overpass-api.de/api/interpreter
[subs/sud] ⚠ HTTP 504 rate-limit/timeout, backing off 30s
[subs/sud] endpoint 1/3 attempt 2/3 → https://overpass-api.de/api/interpreter
[subs/sud] ✓ HTTP 200 (4,193,306 bytes)
[subs/sud] cached → italy/_cache/overpass-subs-sud.json
[subs/sud] +13,040 elements
[subs/cala] CALA (Calabria; split from SUD in 2021)
[subs/cala] bbox (37.8, 15.6, 40.2, 17.5)
[subs/cala] endpoint 1/3 attempt 1/3 → https://overpass-api.de/api/interpreter
[subs/cala] ✓ HTTP 200 (147,873 bytes)
[subs/cala] cached → italy/_cache/overpass-subs-cala.json
[subs/cala] +368 elements
[subs/sici] SICI (Sicilia + Aeolian + Egadi + Pelagie including Lampedusa)
[subs/sici] bbox (35.49, 11.9, 38.35, 15.75)
[subs/sici] endpoint 1/3 attempt 1/3 → https://overpass-api.de/api/interpreter
[subs/sici] ✓ HTTP 200 (684,316 bytes)
[subs/sici] cached → italy/_cache/overpass-subs-sici.json
[subs/sici] +1,937 elements
[subs/sard] SARD (Sardegna + minor Sardegna islands)
[subs/sard] bbox (38.85, 8.1, 41.3, 9.9)
[subs/sard] endpoint 1/3 attempt 1/3 → https://overpass-api.de/api/interpreter
[subs/sard] ⚠ HTTP 429 rate-limit/timeout, backing off 30s
[subs/sard] endpoint 1/3 attempt 2/3 → https://overpass-api.de/api/interpreter
[subs/sard] ⚠ HTTP 504 rate-limit/timeout, backing off 60s
[subs/sard] endpoint 1/3 attempt 3/3 → https://overpass-api.de/api/interpreter
[subs/sard] ✓ HTTP 200 (128,474 bytes)
[subs/sard] cached → italy/_cache/overpass-subs-sard.json
[subs/sard] +318 elements
[subs] ✓ assembled 51,910 total subs elements
[subs] cached → italy/_cache/overpass-subs-raw.json

[lines] bbox-split fetching 7 zones
[lines/nord] NORD (Piemonte + Val d'Aosta + Lombardia + Liguria + Emilia-Romagna + Veneto + Trentino-Alto Adige + Friuli-Venezia Giulia)
[lines/nord] bbox (43.3, 6.63, 47.09, 13.9)
[lines/nord] endpoint 1/3 attempt 1/3 → https://overpass-api.de/api/interpreter
[lines/nord] ✓ HTTP 200 (49,528,658 bytes)
[lines/nord] cached → italy/_cache/overpass-lines-nord.json
[lines/nord] +49,029 elements
[lines/cnor] CNOR (Toscana + Umbria + Marche)
[lines/cnor] bbox (42.2, 9.9, 44.5, 13.5)
[lines/cnor] endpoint 1/3 attempt 1/3 → https://overpass-api.de/api/interpreter
[lines/cnor] ✓ HTTP 200 (16,987,552 bytes)
[lines/cnor] cached → italy/_cache/overpass-lines-cnor.json
[lines/cnor] +18,403 elements
[lines/csud] CSUD (Lazio + Abruzzo + Campania + Molise)
[lines/csud] bbox (40.8, 11.5, 42.9, 14.9)
[lines/csud] endpoint 1/3 attempt 1/3 → https://overpass-api.de/api/interpreter
[lines/csud] ✓ HTTP 200 (12,112,063 bytes)
[lines/csud] cached → italy/_cache/overpass-lines-csud.json
[lines/csud] +13,539 elements
[lines/sud] SUD (Puglia + Basilicata)
[lines/sud] bbox (39.5, 14.3, 42.2, 18.52)
[lines/sud] endpoint 1/3 attempt 1/3 → https://overpass-api.de/api/interpreter
[lines/sud] ⚠ HTTP 504 rate-limit/timeout, backing off 30s
[lines/sud] endpoint 1/3 attempt 2/3 → https://overpass-api.de/api/interpreter
[lines/sud] ✓ HTTP 200 (8,655,595 bytes)
[lines/sud] cached → italy/_cache/overpass-lines-sud.json
[lines/sud] +8,305 elements
[lines/cala] CALA (Calabria; split from SUD in 2021)
[lines/cala] bbox (37.8, 15.6, 40.2, 17.5)
[lines/cala] endpoint 1/3 attempt 1/3 → https://overpass-api.de/api/interpreter
[lines/cala] ✓ HTTP 200 (2,028,517 bytes)
[lines/cala] cached → italy/_cache/overpass-lines-cala.json
[lines/cala] +1,623 elements
[lines/sici] SICI (Sicilia + Aeolian + Egadi + Pelagie including Lampedusa)
[lines/sici] bbox (35.49, 11.9, 38.35, 15.75)
[lines/sici] endpoint 1/3 attempt 1/3 → https://overpass-api.de/api/interpreter
[lines/sici] ⚠ HTTP 504 rate-limit/timeout, backing off 30s
[lines/sici] endpoint 1/3 attempt 2/3 → https://overpass-api.de/api/interpreter
[lines/sici] ✓ HTTP 200 (2,914,280 bytes)
[lines/sici] cached → italy/_cache/overpass-lines-sici.json
[lines/sici] +2,690 elements
[lines/sard] SARD (Sardegna + minor Sardegna islands)
[lines/sard] bbox (38.85, 8.1, 41.3, 9.9)
[lines/sard] endpoint 1/3 attempt 1/3 → https://overpass-api.de/api/interpreter
[lines/sard] ⚠ HTTP 504 rate-limit/timeout, backing off 30s
[lines/sard] endpoint 1/3 attempt 2/3 → https://overpass-api.de/api/interpreter
[lines/sard] ✓ HTTP 200 (1,081,804 bytes)
[lines/sard] cached → italy/_cache/overpass-lines-sard.json
[lines/sard] +818 elements
[lines] ✓ assembled 94,407 total lines elements
[lines] cached → italy/_cache/overpass-lines-raw.json

══════════════════════════════════════════════════════════════════════
✓ Italy P34 fetch complete: 51,910 sub elements + 94,407 line elements
══════════════════════════════════════════════════════════════════════
