2026-07-17 18:18:41,667 INFO __main__: Overpass POST https://overpass-api.de/api/interpreter (attempt 1/4)
2026-07-17 18:18:48,560 WARNING __main__: Overpass 504 gateway; trying next endpoint after 5s
2026-07-17 18:18:53,566 INFO __main__: Overpass POST https://overpass.kumi.systems/api/interpreter (attempt 1/4)
2026-07-17 18:20:53,752 INFO __main__: Overpass POST https://overpass-api.de/api/interpreter (attempt 1/4)
2026-07-17 18:21:02,499 WARNING __main__: Overpass 504 gateway; trying next endpoint after 5s
2026-07-17 18:21:07,504 INFO __main__: Overpass POST https://overpass.kumi.systems/api/interpreter (attempt 1/4)
2026-07-17 18:22:32,652 INFO __main__: Overpass POST https://overpass-api.de/api/interpreter (attempt 1/4)
2026-07-17 18:22:38,505 WARNING __main__: Overpass 504 gateway; trying next endpoint after 5s
2026-07-17 18:22:43,506 INFO __main__: Overpass POST https://overpass.kumi.systems/api/interpreter (attempt 1/4)
2026-07-17 18:24:43,650 INFO __main__: Parsed 47 substations from OSM Overpass
2026-07-17 18:24:43,651 INFO __main__: Overpass POST https://overpass-api.de/api/interpreter (attempt 1/4)
2026-07-17 18:25:37,512 INFO __main__: Parsed 82522 lines from OSM Overpass
2026-07-17 18:26:02,988 INFO __main__: Owner enrichment: 7 direct OSM (0 alias-normalised) + 33 Transpower_TSO + 0 KiwiRail + 0 NZAS + 0 captive + 7 §4bis5_Auckland (5th enforcement) + 0 Canterbury_soft + 0 region_DSO
2026-07-17 18:26:02,989 INFO __main__: Discipline #41: Discipline #41 OK — 47 substations + 82510 lines (ratio 1755.53).
2026-07-17 18:26:03,016 INFO scripts.pipeline.ingestion.new_zealand._base: Wrote audit sidecar /Users/cedricberard/ikengassiindex.github.io/scripts/pipeline/data/new-zealand/v4_23-ingestion-audit-new-zealand--osm-overpass.yaml (2044 bytes)

NZ-C1-osm-overpass fetch complete
  substations:        47
  transmission_lines: 82,510
  raw_bytes_fetched:  8,629
  raw_sha256:         39f5b47d76da1713e30ba2517ed08a2c8aaf7a66de16be34702c461f1b785826
  audit_sidecar:      /Users/cedricberard/ikengassiindex.github.io/scripts/pipeline/data/new-zealand/v4_23-ingestion-audit-new-zealand--osm-overpass.yaml
  Owner-provenance distribution:
       33  region_jurisdiction_layer_7_Transpower_catch_all_default
        7  region_jurisdiction_layer_3_4bis5_5th_enforcement_Vector_via_geofence
        7  osm_operator_tag_direct
  Distinct operators: 4
  Top 15 operators:
       33  Transpower
        8  Vector
        5  Wellington Electricity
        1  The Lines Company
  ⚠ Convention #56 partial — OSM substation way fetch failed: The read operation timed out
  ⚠ Convention #56 partial — OSM substation relation fetch failed: The read operation timed out
  ⚠ Discipline #36 — dropped 0 substations + 12 lines outside NZ polygon (5.0 km Pacific coastline + Fiordland + Stewart Island + Chatham/Kermadec/Tokelau territorial extensions).
  ⚠ Owner enrichment: 7/47 direct OSM operator= tag (14.9%; of these 0 alias-normalised incl. English (Transpower / Vector / Orion NZ / Wellington Electricity / 29 EDBs) + Māori Te Reo (Aotearoa cohabit + Ara Whanui KiwiRail) + generation-retail separation (Meridian/Mercury/Genesis/Contact NOT DSO — routed to Transpower) + ECNZ pre-1996 unbundling predecessor per Convention #78 BINDING 9th enforcement); 33 Transpower_TSO + 0 KiwiRail + 0 NZAS + 0 industrial_captive + 7 §4bis5_Auckland_5TH_ENFORCEMENT + 0 Canterbury_soft + 0 region_DSO (85.1%).
2026-07-17 18:37:50,366 INFO __main__: Overpass POST https://overpass-api.de/api/interpreter (attempt 1/4)
2026-07-17 18:38:00,188 INFO __main__: Cache hit: f5ff8ef66ba483e1.json (8629 bytes)
2026-07-17 18:38:00,189 INFO __main__: Overpass POST https://overpass-api.de/api/interpreter (attempt 1/4)
2026-07-17 18:38:08,355 WARNING __main__: Overpass 504 gateway; trying next endpoint after 5s
2026-07-17 18:38:13,361 INFO __main__: Overpass POST https://overpass.kumi.systems/api/interpreter (attempt 1/4)
2026-07-17 18:40:13,587 INFO __main__: Parsed 1620 substations from OSM Overpass
2026-07-17 18:40:13,621 INFO __main__: Cache hit: 61af19ab3cfbd9b4.json (79650652 bytes)
2026-07-17 18:40:15,445 INFO __main__: Parsed 82522 lines from OSM Overpass
2026-07-17 18:40:39,963 INFO __main__: Owner enrichment: 1164 direct OSM (246 alias-normalised) + 352 Transpower_TSO + 0 KiwiRail + 0 NZAS + 0 captive + 104 §4bis5_Auckland (5th enforcement) + 0 Canterbury_soft + 0 region_DSO
2026-07-17 18:40:39,963 INFO __main__: Discipline #41: Discipline #41 OK — 1620 substations + 82510 lines (ratio 50.93).
2026-07-17 18:40:39,991 INFO scripts.pipeline.ingestion.new_zealand._base: Wrote audit sidecar /Users/cedricberard/ikengassiindex.github.io/scripts/pipeline/data/new-zealand/v4_23-ingestion-audit-new-zealand--osm-overpass.yaml (1960 bytes)

NZ-C1-osm-overpass fetch complete
  substations:        1,620
  transmission_lines: 82,510
  raw_bytes_fetched:  482,421
  raw_sha256:         ba5ad0c08bf7ccff193b62f9e1985324888658945d49085e8079ce858eb0ddc9
  audit_sidecar:      /Users/cedricberard/ikengassiindex.github.io/scripts/pipeline/data/new-zealand/v4_23-ingestion-audit-new-zealand--osm-overpass.yaml
  Owner-provenance distribution:
      918  osm_operator_tag_direct
      337  region_jurisdiction_layer_7_Transpower_catch_all_default
      246  osm_operator_tag_direct_alias_normalised
      102  region_jurisdiction_layer_3_4bis5_5th_enforcement_Vector_via_geofence
       15  region_jurisdiction_layer_1_Transpower_TSO_threshold_ge_110kv
        2  region_jurisdiction_layer_3_4bis5_5th_enforcement_Counties_Energy_via_lat
  Distinct operators: 45
  Top 15 operators:
      528  Transpower
      230  Vector
      201  Orion New Zealand
      129  Powerco
       58  Wellington Electricity
       37  Aurora Energy
       37  The Power Company
       34  Unison Networks
       33  OtagoNet
       32  KiwiRail
       27  WEL Networks
       23  The Lines Company
       22  Northpower
       21  EA Networks
       20  Marlborough Lines
  ⚠ Convention #56 partial — OSM substation relation fetch failed: The read operation timed out
  ⚠ Discipline #36 — dropped 0 substations + 12 lines outside NZ polygon (5.0 km Pacific coastline + Fiordland + Stewart Island + Chatham/Kermadec/Tokelau territorial extensions).
  ⚠ Owner enrichment: 1164/1620 direct OSM operator= tag (71.9%; of these 246 alias-normalised incl. English (Transpower / Vector / Orion NZ / Wellington Electricity / 29 EDBs) + Māori Te Reo (Aotearoa cohabit + Ara Whanui KiwiRail) + generation-retail separation (Meridian/Mercury/Genesis/Contact NOT DSO — routed to Transpower) + ECNZ pre-1996 unbundling predecessor per Convention #78 BINDING 9th enforcement); 352 Transpower_TSO + 0 KiwiRail + 0 NZAS + 0 industrial_captive + 104 §4bis5_Auckland_5TH_ENFORCEMENT + 0 Canterbury_soft + 0 region_DSO (28.1%).
