2026-07-17 17:56:24,553 INFO __main__: Fetching OSM Korea (subs + lines one-shot; single-query pattern)...
2026-07-17 17:56:24,554 INFO scripts.pipeline.ingestion.korea.osm_overpass: Cache hit: e3af4380602f5014.json (372788 bytes)
2026-07-17 17:56:24,560 INFO scripts.pipeline.ingestion.korea.osm_overpass: Cache hit: 9510fe722a259f56.json (28602 bytes)
2026-07-17 17:56:24,560 INFO scripts.pipeline.ingestion.korea.osm_overpass: Cache hit: 3b7dc6daf410d1af.json (691 bytes)
2026-07-17 17:56:24,560 INFO scripts.pipeline.ingestion.korea.osm_overpass: Parsed 1185 substations from OSM Overpass
2026-07-17 17:56:24,562 INFO scripts.pipeline.ingestion.korea.osm_overpass: Cache hit: 89f1a2c05647e0be.json (3912424 bytes)
2026-07-17 17:56:24,612 INFO scripts.pipeline.ingestion.korea.osm_overpass: Parsed 4507 lines from OSM Overpass
2026-07-17 17:56:31,530 INFO scripts.pipeline.ingestion.korea.osm_overpass: Owner enrichment: 209 direct OSM (198 alias-normalised) + 2 KHNP_nuclear + 2 industrial_captive + 972 KEPCO_monopoly_default
2026-07-17 17:56:31,531 INFO scripts.pipeline.ingestion.korea.osm_overpass: Discipline #41: Discipline #41 OK — 1185 substations + 4507 lines (ratio 3.80).
2026-07-17 17:56:31,532 INFO __main__: OSM ingestion: 1185 substations + 4507 lines + SHA-256 d37af18420a8182abe5a366ac9468a791a76dc5b827cd9b20bddc25c9510ba20
2026-07-17 17:56:31,532 INFO __main__: Loading /Users/cedricberard/ikengassiindex.github.io/korea/ssi-data.json ...
2026-07-17 17:56:31,551 INFO __main__:   existing: 1290 substations
2026-07-17 17:56:31,551 INFO __main__: Loading /Users/cedricberard/ikengassiindex.github.io/korea/grid-geo.json ...
2026-07-17 17:56:31,574 INFO __main__:   existing: 4004 lines
2026-07-17 17:56:31,579 INFO __main__: Substation merge: 1184 enriched + 1 voltage-filled + 1 net-new + 0 xcheck findings
2026-07-17 17:56:31,579 INFO __main__: Step 4b retroactive attribution: 107 subs closed via 4-layer KEPCO monopoly resolver
2026-07-17 17:56:31,579 INFO __main__:   retroactive_region_jurisdiction_layer_3_KEPCO_via_admin_gyeonggi: 27
2026-07-17 17:56:31,579 INFO __main__:   retroactive_region_jurisdiction_layer_3_KEPCO_via_admin_gangwon: 13
2026-07-17 17:56:31,579 INFO __main__:   retroactive_region_jurisdiction_layer_3_KEPCO_via_admin_gyeongnam: 7
2026-07-17 17:56:31,579 INFO __main__:   retroactive_region_jurisdiction_layer_3_KEPCO_via_admin_jeonbuk: 10
2026-07-17 17:56:31,579 INFO __main__:   retroactive_region_jurisdiction_layer_3_KEPCO_via_admin_daejeon: 1
2026-07-17 17:56:31,579 INFO __main__:   retroactive_region_jurisdiction_layer_3_KEPCO_via_admin_chungnam: 7
2026-07-17 17:56:31,579 INFO __main__:   retroactive_region_jurisdiction_layer_3_KEPCO_via_admin_incheon: 5
2026-07-17 17:56:31,579 INFO __main__:   retroactive_region_jurisdiction_layer_1_KHNP_nuclear_name_match: 4
2026-07-17 17:56:31,579 INFO __main__:   retroactive_region_jurisdiction_layer_3_KEPCO_via_admin_jeju: 3
2026-07-17 17:56:31,579 INFO __main__:   retroactive_region_jurisdiction_layer_3_KEPCO_via_admin_gyeongbuk: 12
2026-07-17 17:56:31,579 INFO __main__:   retroactive_region_jurisdiction_layer_2_industrial_captive_name_match: 2
2026-07-17 17:56:31,579 INFO __main__:   retroactive_region_jurisdiction_layer_3_KEPCO_via_admin_gwangju: 1
2026-07-17 17:56:31,579 INFO __main__:   retroactive_region_jurisdiction_layer_3_KEPCO_via_admin_jeonnam: 4
2026-07-17 17:56:31,580 INFO __main__:   retroactive_region_jurisdiction_layer_3_KEPCO_via_admin_ulsan: 4
2026-07-17 17:56:31,580 INFO __main__:   retroactive_region_jurisdiction_layer_3_KEPCO_via_admin_chungbuk: 1
2026-07-17 17:56:31,580 INFO __main__:   retroactive_region_jurisdiction_layer_3_KEPCO_via_admin_busan: 2
2026-07-17 17:56:31,580 INFO __main__:   retroactive_region_jurisdiction_layer_3_KEPCO_via_admin_sejong: 2
2026-07-17 17:56:31,580 INFO __main__:   retroactive_region_jurisdiction_layer_3_KEPCO_via_admin_daegu: 2
2026-07-17 17:56:36,042 INFO __main__: Line merge: 241 appended + 4266 deduped (existing tier match)
2026-07-17 17:56:36,080 INFO __main__: Wrote /Users/cedricberard/ikengassiindex.github.io/korea/ssi-data.json (3.8 MB, 1291 substations)
2026-07-17 17:56:36,110 INFO __main__: Wrote /Users/cedricberard/ikengassiindex.github.io/korea/grid-geo.json (1.7 MB, 4245 lines)
2026-07-17 17:56:36,111 INFO __main__: Wrote voltage cross-validation report: /Users/cedricberard/ikengassiindex.github.io/korea/v4_23-voltage-cross-validation.json (0 findings across 1184 matched pairs)

Merge stats:
  enriched: 1184
  voltage_filled: 1
  net_new_substations: 1
  voltage_xcheck_findings: 0
  step_4b_retroactive_attribution: 107
  final_substation_count: 1291
  lines_appended: 241
  lines_deduped: 4266
  final_line_count: 4245
  raw_sha256: d37af18420a8182abe5a366ac9468a791a76dc5b827cd9b20bddc25c9510ba20
  raw_bytes_fetched: 402081
