2026-07-17 17:48:42,443 INFO __main__: Overpass POST https://overpass-api.de/api/interpreter (attempt 1/4)
2026-07-17 17:48:59,862 WARNING __main__: Overpass 504 gateway; trying next endpoint after 5s
2026-07-17 17:49:04,868 INFO __main__: Overpass POST https://overpass.kumi.systems/api/interpreter (attempt 1/4)
2026-07-17 17:51:05,743 INFO __main__: Overpass POST https://overpass-api.de/api/interpreter (attempt 1/4)
2026-07-17 17:51:11,999 INFO __main__: Overpass POST https://overpass-api.de/api/interpreter (attempt 1/4)
2026-07-17 17:51:18,756 WARNING __main__: Overpass 504 gateway; trying next endpoint after 5s
2026-07-17 17:51:23,762 INFO __main__: Overpass POST https://overpass.kumi.systems/api/interpreter (attempt 1/4)
2026-07-17 17:53:23,902 INFO __main__: Parsed 63 substations from OSM Overpass
2026-07-17 17:53:23,904 INFO __main__: Overpass POST https://overpass-api.de/api/interpreter (attempt 1/4)
2026-07-17 17:53:40,272 INFO __main__: Parsed 4507 lines from OSM Overpass
2026-07-17 17:53:45,645 INFO __main__: Owner enrichment: 44 direct OSM (44 alias-normalised) + 0 KHNP_nuclear + 0 industrial_captive + 19 KEPCO_monopoly_default
2026-07-17 17:53:45,645 INFO __main__: Discipline #41: Discipline #41 OK — 63 substations + 4507 lines (ratio 71.54).
2026-07-17 17:53:45,648 INFO scripts.pipeline.ingestion.korea._base: Wrote audit sidecar /Users/cedricberard/ikengassiindex.github.io/scripts/pipeline/data/korea/v4_23-ingestion-audit-korea--osm-overpass.yaml (1815 bytes)

KR-C1-osm-overpass fetch complete
  substations:        63
  transmission_lines: 4,507
  raw_bytes_fetched:  28,602
  raw_sha256:         6c7cfa576b4e469abec0ba209df81f3d077429a3d5f0921212258739414e0558
  audit_sidecar:      /Users/cedricberard/ikengassiindex.github.io/scripts/pipeline/data/korea/v4_23-ingestion-audit-korea--osm-overpass.yaml
  Owner-provenance distribution:
       44  osm_operator_tag_direct_alias_normalised
       19  region_jurisdiction_layer_4_KEPCO_monopoly_default
  Distinct operators: 2
  Top 15 operators:
       62  KEPCO
        1  Seoul Metro (Urban Rail Traction — Seoul)
  ⚠ Convention #56 partial — OSM substation way fetch failed: The read operation timed out
  ⚠ Convention #56 partial — OSM substation relation fetch failed: The read operation timed out
  ⚠ Owner enrichment: 44/63 direct OSM operator= tag (69.8%; of these 44 alias-normalised incl. Hangul (한국전력공사/한전/한국수력원자력) + Latin RRK (Hanguk Jeollyeok Gongsa) + Latin M-R (Han'guk Chŏllyŏk Kongsa) + English acronyms (KEPCO/KHNP/KPX/KDN) + Chaebol captives (POSCO/Samsung/SK Hynix/Hyundai/LG Chem) + Hangul legal-form (주식회사/㈜) + KECO pre-1982 predecessor per Convention #78 BINDING 8th enforcement); 0 KHNP_nuclear + 0 industrial_captive + 19 KEPCO_monopoly_default (30.2%).
2026-07-17 17:54:53,355 INFO __main__: Overpass POST https://overpass-api.de/api/interpreter (attempt 1/4)
2026-07-17 17:55:00,847 INFO __main__: Cache hit: 9510fe722a259f56.json (28602 bytes)
2026-07-17 17:55:00,848 INFO __main__: Overpass POST https://overpass-api.de/api/interpreter (attempt 1/4)
2026-07-17 17:55:02,403 INFO __main__: Parsed 1185 substations from OSM Overpass
2026-07-17 17:55:02,407 INFO __main__: Cache hit: 89f1a2c05647e0be.json (3912424 bytes)
2026-07-17 17:55:02,487 INFO __main__: Parsed 4507 lines from OSM Overpass
2026-07-17 17:55:09,218 INFO __main__: Owner enrichment: 209 direct OSM (198 alias-normalised) + 2 KHNP_nuclear + 2 industrial_captive + 972 KEPCO_monopoly_default
2026-07-17 17:55:09,219 INFO __main__: Discipline #41: Discipline #41 OK — 1185 substations + 4507 lines (ratio 3.80).
2026-07-17 17:55:09,220 INFO scripts.pipeline.ingestion.korea._base: Wrote audit sidecar /Users/cedricberard/ikengassiindex.github.io/scripts/pipeline/data/korea/v4_23-ingestion-audit-korea--osm-overpass.yaml (1623 bytes)

KR-C1-osm-overpass fetch complete
  substations:        1,185
  transmission_lines: 4,507
  raw_bytes_fetched:  402,081
  raw_sha256:         d37af18420a8182abe5a366ac9468a791a76dc5b827cd9b20bddc25c9510ba20
  audit_sidecar:      /Users/cedricberard/ikengassiindex.github.io/scripts/pipeline/data/korea/v4_23-ingestion-audit-korea--osm-overpass.yaml
  Owner-provenance distribution:
      972  region_jurisdiction_layer_4_KEPCO_monopoly_default
      198  osm_operator_tag_direct_alias_normalised
       11  osm_operator_tag_direct
        2  region_jurisdiction_layer_1_KHNP_nuclear_name_match
        2  region_jurisdiction_layer_2_industrial_captive_name_match
  Distinct operators: 11
  Top 15 operators:
     1149  KEPCO
       18  KR Korea Rail Network Authority (Rail Infrastructure)
        7  KORAIL Korea Railroad Corporation (Rail Traction)
        3  국가철도공단
        2  KHNP
        1  한국전력공사 성남전력지사
        1  POSCO Energy (Industrial Captive — Steel + LNG CHP)
        1  고양전력지사
        1  우정사업정보센터
        1  Hyundai Green Power (Industrial Captive — Steel CHP)
        1  Seoul Metro (Urban Rail Traction — Seoul)
  ⚠ Owner enrichment: 209/1185 direct OSM operator= tag (17.6%; of these 198 alias-normalised incl. Hangul (한국전력공사/한전/한국수력원자력) + Latin RRK (Hanguk Jeollyeok Gongsa) + Latin M-R (Han'guk Chŏllyŏk Kongsa) + English acronyms (KEPCO/KHNP/KPX/KDN) + Chaebol captives (POSCO/Samsung/SK Hynix/Hyundai/LG Chem) + Hangul legal-form (주식회사/㈜) + KECO pre-1982 predecessor per Convention #78 BINDING 8th enforcement); 2 KHNP_nuclear + 2 industrial_captive + 972 KEPCO_monopoly_default (82.4%).
