2026-07-18 13:07:23,170 INFO __main__: Fetching OSM Finland (subs + lines one-shot; single-query pattern)...
2026-07-18 13:07:23,171 INFO scripts.pipeline.ingestion.finland.osm_overpass: Cache hit: 191aae2238906c13.json (892399 bytes)
2026-07-18 13:07:23,184 INFO scripts.pipeline.ingestion.finland.osm_overpass: Cache hit: 85aa09d5817912b1.json (97898 bytes)
2026-07-18 13:07:23,187 INFO scripts.pipeline.ingestion.finland.osm_overpass: Cache hit: 4b3b24f3e5a2f85a.json (2762 bytes)
2026-07-18 13:07:23,187 INFO scripts.pipeline.ingestion.finland.osm_overpass: Parsed 4213 substations from OSM Overpass
2026-07-18 13:07:23,195 INFO scripts.pipeline.ingestion.finland.osm_overpass: Cache hit: bbda4db50f1ab7d4.json (18947798 bytes)
2026-07-18 13:07:23,485 INFO scripts.pipeline.ingestion.finland.osm_overpass: Parsed 20549 lines from OSM Overpass
2026-07-18 13:07:30,363 INFO scripts.pipeline.ingestion.finland.osm_overpass: Owner enrichment: 769 direct OSM (103 alias-normalised) + 2951 Fingrid_TSO + 0 VR + 0 nuclear + 446 §4bis5_Helsinki (7th enforcement) + 15 Åland + 0 captive + 0 region_DSO
2026-07-18 13:07:30,363 INFO scripts.pipeline.ingestion.finland.osm_overpass: Discipline #41: Discipline #41 OK — 4181 substations + 19878 lines (ratio 4.75).
2026-07-18 13:07:30,371 INFO __main__: OSM ingestion: 4181 substations + 19878 lines + SHA-256 87072cd8162bc66340df0c2f8c1428b1d0434145f1722d28b8eb9616d9124148
2026-07-18 13:07:30,371 INFO __main__: Loading /Users/cedricberard/ikengassiindex.github.io/finland/ssi-data.json ...
2026-07-18 13:07:30,477 INFO __main__:   existing: 4036 substations
2026-07-18 13:07:30,477 INFO __main__: Loading /Users/cedricberard/ikengassiindex.github.io/finland/grid-geo.json ...
2026-07-18 13:07:30,845 INFO __main__:   existing: 23601 lines
2026-07-18 13:07:30,890 INFO __main__: Substation merge: 4181 enriched + 0 voltage-filled + 0 net-new + 22 xcheck findings
2026-07-18 13:07:30,890 INFO __main__: Step 4b retroactive attribution: 0 subs closed via 8-layer multi-DSO resolver
2026-07-18 13:09:41,364 INFO __main__: Line merge: 0 appended + 19878 deduped (existing tier match)
2026-07-18 13:09:41,484 INFO __main__: Wrote /Users/cedricberard/ikengassiindex.github.io/finland/ssi-data.json (11.1 MB, 4036 substations)
2026-07-18 13:09:41,484 INFO __main__: Wrote voltage cross-validation report: /Users/cedricberard/ikengassiindex.github.io/finland/v4_23-voltage-cross-validation.json (22 findings across 4181 matched pairs)

Merge stats:
  enriched: 4181
  voltage_filled: 0
  net_new_substations: 0
  voltage_xcheck_findings: 22
  step_4b_retroactive_attribution: 0
  final_substation_count: 4036
  lines_appended: 0
  lines_deduped: 19878
  final_line_count: 23601
  raw_sha256: 87072cd8162bc66340df0c2f8c1428b1d0434145f1722d28b8eb9616d9124148
  raw_bytes_fetched: 993059
