2026-07-18 12:03:34,173 INFO __main__: Overpass POST https://overpass-api.de/api/interpreter (attempt 1/4)
2026-07-18 12:03:41,732 WARNING __main__: Overpass 504 gateway; trying next endpoint after 5s
2026-07-18 12:03:46,738 INFO __main__: Overpass POST https://overpass.kumi.systems/api/interpreter (attempt 1/4)
2026-07-18 12:05:45,663 WARNING __main__: Overpass 502 gateway; trying next endpoint after 5s
2026-07-18 12:05:50,669 INFO __main__: Overpass POST https://overpass.private.coffee/api/interpreter (attempt 1/4)
2026-07-18 12:07:17,374 INFO __main__: Overpass POST https://overpass-api.de/api/interpreter (attempt 1/4)
2026-07-18 12:07:23,495 WARNING __main__: Overpass 504 gateway; trying next endpoint after 5s
2026-07-18 12:07:28,497 INFO __main__: Overpass POST https://overpass.kumi.systems/api/interpreter (attempt 1/4)
2026-07-18 12:09:28,651 INFO __main__: Overpass POST https://overpass-api.de/api/interpreter (attempt 1/4)
2026-07-18 12:09:36,573 WARNING __main__: Overpass 504 gateway; trying next endpoint after 5s
2026-07-18 12:09:41,578 INFO __main__: Overpass POST https://overpass.kumi.systems/api/interpreter (attempt 1/4)
2026-07-18 12:11:41,724 INFO __main__: Parsed 3646 substations from OSM Overpass
2026-07-18 12:11:41,726 INFO __main__: Overpass POST https://overpass-api.de/api/interpreter (attempt 1/4)
2026-07-18 12:11:49,333 WARNING __main__: Overpass 504 gateway; trying next endpoint after 5s
2026-07-18 12:11:54,342 INFO __main__: Overpass POST https://overpass.kumi.systems/api/interpreter (attempt 1/4)
2026-07-18 12:13:54,483 INFO __main__: Parsed 0 lines from OSM Overpass
2026-07-18 12:13:55,630 INFO __main__: Owner enrichment: 744 direct OSM (91 alias-normalised) + 2419 Fingrid_TSO + 0 VR + 0 nuclear + 443 §4bis5_Helsinki (7th enforcement) + 13 Åland + 0 captive + 0 region_DSO
2026-07-18 12:13:55,630 INFO __main__: Discipline #41: Discipline #41 breach — 3619 substations but 0 transmission lines. Companion line source must be ingested before merging into canada/ssi-data.json.
2026-07-18 12:13:55,630 INFO scripts.pipeline.ingestion.finland._base: Wrote audit sidecar /Users/cedricberard/ikengassiindex.github.io/scripts/pipeline/data/finland/v4_23-ingestion-audit-finland--osm-overpass.yaml (2415 bytes)

FI-C1-osm-overpass fetch complete
  substations:        3,619
  transmission_lines: 0
  raw_bytes_fetched:  892,399
  raw_sha256:         cf8da499b89004372c02aff834b914d26cd23a26997f64c4bfcc1d2cc650b1fe
  audit_sidecar:      /Users/cedricberard/ikengassiindex.github.io/scripts/pipeline/data/finland/v4_23-ingestion-audit-finland--osm-overpass.yaml
  Owner-provenance distribution:
     2100  region_jurisdiction_layer_6_Fingrid_catch_all_default
      653  osm_operator_tag_direct
      353  region_jurisdiction_layer_3_4bis5_7th_enforcement_Helen_via_Helsinki_geofence
      319  region_jurisdiction_layer_1_Fingrid_TSO_threshold_ge_110kv
       91  osm_operator_tag_direct_alias_normalised
       90  region_jurisdiction_layer_3_4bis5_7th_enforcement_Vantaan_via_geofence
       13  region_jurisdiction_layer_4_Aland_via_bbox_west_of_21.5E
  Distinct operators: 114
  Top 15 operators:
     2511  Fingrid
      370  Helen Sähköverkko
      130  KSS
      104  Vantaan Energia Sähköverkot
       66  Elenia
       63  Caruna
       42  Väylävirasto
       27  Savon Voima Verkko
       15  Oulun Energia Siirto ja Jakelu
       13  EPV Alueverkko
       13  Kraftnät Åland (Åland Autonomous TSO)
       13  Järvi-Suomen Energia
       12  Fortum (Loviisa Nuclear + Generation-Retail — grid=Fingrid)
       11  Kajave
        9  Turku Energia Sähköverkot
  ⚠ Convention #56 partial — OSM substation node fetch failed: The read operation timed out
  ⚠ Convention #56 partial — OSM substation relation fetch failed: The read operation timed out
  ⚠ Convention #56 partial — OSM lines fetch failed: The read operation timed out
  ⚠ Discipline #36 — dropped 27 substations + 0 lines outside Finland polygon (5.0 km Baltic archipelago + Bothnian coastline + 4 HVDC interconnector precision tolerance; NO Russian cross-border).
  ⚠ Owner enrichment: 744/3619 direct OSM operator= tag (20.6%; of these 91 alias-normalised incl. Finnish (Fingrid / Caruna / Elenia / Helen / Vantaan Energia / Turku / Tampereen + ä ö å) + Swedish (Åland 100% + Bothnian bilingual + Kraftnät Åland) + Sami minority (Lappi ŋ ǯ â) + nuclear generation-vs-distribution separation (TVO Olkiluoto + Fortum Loviisa NOT DSO — routed to Fingrid) + predecessor rebrands (IVO→Fortum 1998 + Fortum→Caruna 2014 + Vattenfall→Elenia 2012 + Helsingin Energia→Helen 2015) per Convention #78 BINDING 11th enforcement post-DECADE-MILESTONE); 2419 Fingrid_TSO + 0 VR + 0 nuclear + 443 §4bis5_Helsinki_7TH_ENFORCEMENT + 13 Åland + 0 industrial_captive + 0 region_DSO (79.4%).
2026-07-18 12:35:52,023 INFO __main__: Cache hit: 191aae2238906c13.json (892399 bytes)
2026-07-18 12:35:52,036 INFO __main__: Overpass POST https://overpass-api.de/api/interpreter (attempt 1/4)
2026-07-18 12:36:00,348 WARNING __main__: Overpass 504 gateway; trying next endpoint after 5s
2026-07-18 12:36:05,354 INFO __main__: Overpass POST https://overpass.kumi.systems/api/interpreter (attempt 1/4)
2026-07-18 12:38:05,526 INFO __main__: Overpass POST https://overpass-api.de/api/interpreter (attempt 1/4)
2026-07-18 12:38:14,593 WARNING __main__: Overpass 504 gateway; trying next endpoint after 5s
2026-07-18 12:38:19,599 INFO __main__: Overpass POST https://overpass.kumi.systems/api/interpreter (attempt 1/4)
2026-07-18 12:40:19,747 INFO __main__: Parsed 3646 substations from OSM Overpass
2026-07-18 12:40:19,748 INFO __main__: Overpass POST https://overpass-api.de/api/interpreter (attempt 1/4)
2026-07-18 12:41:04,537 INFO __main__: Parsed 20549 lines from OSM Overpass
2026-07-18 12:41:10,781 INFO __main__: Owner enrichment: 744 direct OSM (91 alias-normalised) + 2419 Fingrid_TSO + 0 VR + 0 nuclear + 443 §4bis5_Helsinki (7th enforcement) + 13 Åland + 0 captive + 0 region_DSO
2026-07-18 12:41:10,781 INFO __main__: Discipline #41: Discipline #41 OK — 3619 substations + 19878 lines (ratio 5.49).
2026-07-18 12:41:10,789 INFO scripts.pipeline.ingestion.finland._base: Wrote audit sidecar /Users/cedricberard/ikengassiindex.github.io/scripts/pipeline/data/finland/v4_23-ingestion-audit-finland--osm-overpass.yaml (2249 bytes)

FI-C1-osm-overpass fetch complete
  substations:        3,619
  transmission_lines: 19,878
  raw_bytes_fetched:  892,399
  raw_sha256:         cf8da499b89004372c02aff834b914d26cd23a26997f64c4bfcc1d2cc650b1fe
  audit_sidecar:      /Users/cedricberard/ikengassiindex.github.io/scripts/pipeline/data/finland/v4_23-ingestion-audit-finland--osm-overpass.yaml
  Owner-provenance distribution:
     2100  region_jurisdiction_layer_6_Fingrid_catch_all_default
      653  osm_operator_tag_direct
      353  region_jurisdiction_layer_3_4bis5_7th_enforcement_Helen_via_Helsinki_geofence
      319  region_jurisdiction_layer_1_Fingrid_TSO_threshold_ge_110kv
       91  osm_operator_tag_direct_alias_normalised
       90  region_jurisdiction_layer_3_4bis5_7th_enforcement_Vantaan_via_geofence
       13  region_jurisdiction_layer_4_Aland_via_bbox_west_of_21.5E
  Distinct operators: 114
  Top 15 operators:
     2511  Fingrid
      370  Helen Sähköverkko
      130  KSS
      104  Vantaan Energia Sähköverkot
       66  Elenia
       63  Caruna
       42  Väylävirasto
       27  Savon Voima Verkko
       15  Oulun Energia Siirto ja Jakelu
       13  EPV Alueverkko
       13  Kraftnät Åland (Åland Autonomous TSO)
       13  Järvi-Suomen Energia
       12  Fortum (Loviisa Nuclear + Generation-Retail — grid=Fingrid)
       11  Kajave
        9  Turku Energia Sähköverkot
  ⚠ Convention #56 partial — OSM substation node fetch failed: The read operation timed out
  ⚠ Convention #56 partial — OSM substation relation fetch failed: The read operation timed out
  ⚠ Discipline #36 — dropped 27 substations + 671 lines outside Finland polygon (5.0 km Baltic archipelago + Bothnian coastline + 4 HVDC interconnector precision tolerance; NO Russian cross-border).
  ⚠ Owner enrichment: 744/3619 direct OSM operator= tag (20.6%; of these 91 alias-normalised incl. Finnish (Fingrid / Caruna / Elenia / Helen / Vantaan Energia / Turku / Tampereen + ä ö å) + Swedish (Åland 100% + Bothnian bilingual + Kraftnät Åland) + Sami minority (Lappi ŋ ǯ â) + nuclear generation-vs-distribution separation (TVO Olkiluoto + Fortum Loviisa NOT DSO — routed to Fingrid) + predecessor rebrands (IVO→Fortum 1998 + Fortum→Caruna 2014 + Vattenfall→Elenia 2012 + Helsingin Energia→Helen 2015) per Convention #78 BINDING 11th enforcement post-DECADE-MILESTONE); 2419 Fingrid_TSO + 0 VR + 0 nuclear + 443 §4bis5_Helsinki_7TH_ENFORCEMENT + 13 Åland + 0 industrial_captive + 0 region_DSO (79.4%).
