2026-07-18 10:53:48,581 INFO __main__: Fetching OSM Denmark (subs + lines one-shot; single-query pattern)...
2026-07-18 10:53:48,582 INFO scripts.pipeline.ingestion.denmark.osm_overpass: Cache hit: 6e29110d41cc55ee.json (853978 bytes)
2026-07-18 10:53:48,594 INFO scripts.pipeline.ingestion.denmark.osm_overpass: Cache hit: c1a7745ca4019d83.json (2576446 bytes)
2026-07-18 10:53:48,620 INFO scripts.pipeline.ingestion.denmark.osm_overpass: Cache hit: f5340ea8cf36ca08.json (1009 bytes)
2026-07-18 10:53:48,622 INFO scripts.pipeline.ingestion.denmark.osm_overpass: Parsed 7988 substations from OSM Overpass
2026-07-18 10:53:48,625 INFO scripts.pipeline.ingestion.denmark.osm_overpass: Cache hit: 0f066ee8a9798dbb.json (4899568 bytes)
2026-07-18 10:53:48,686 INFO scripts.pipeline.ingestion.denmark.osm_overpass: Parsed 5460 lines from OSM Overpass
2026-07-18 10:53:50,806 INFO scripts.pipeline.ingestion.denmark.osm_overpass: Owner enrichment: 5803 direct OSM (165 alias-normalised) + 1539 Energinet_TSO + 0 Banedanmark + 12 offshore_wind + 615 §4bis5_Copenhagen (6th enforcement) + 0 captive + 0 region_DSO
2026-07-18 10:53:50,806 INFO scripts.pipeline.ingestion.denmark.osm_overpass: Discipline #41: Discipline #41 OK — 7969 substations + 5374 lines (ratio 0.67).
2026-07-18 10:53:50,808 INFO __main__: OSM ingestion: 7969 substations + 5374 lines + SHA-256 7bb57d049ad222fab4ef20d2bbb5e04cc2baece38ffd253d59015402cfe63717
2026-07-18 10:53:50,808 INFO __main__: Loading /Users/cedricberard/ikengassiindex.github.io/denmark/ssi-data.json ...
2026-07-18 10:53:50,843 INFO __main__:   existing: 2433 substations
2026-07-18 10:53:50,843 INFO __main__: Loading /Users/cedricberard/ikengassiindex.github.io/denmark/grid-geo.json ...
2026-07-18 10:53:50,872 INFO __main__:   existing: 2921 lines
2026-07-18 10:53:50,939 INFO __main__: Substation merge: 5580 enriched + 0 voltage-filled + 2389 net-new + 480 xcheck findings
2026-07-18 10:53:50,940 INFO __main__: Step 4b retroactive attribution: 2 subs closed via 6-layer multi-DSO resolver
2026-07-18 10:53:50,940 INFO __main__:   retroactive_region_jurisdiction_layer_5_Trefor_via_admin_syddanmark: 1
2026-07-18 10:53:50,940 INFO __main__:   retroactive_region_jurisdiction_layer_5_Cerius_via_admin_sjælland: 1
2026-07-18 10:53:58,410 INFO __main__: Line merge: 2003 appended + 3371 deduped (existing tier match)
2026-07-18 10:53:58,507 INFO __main__: Wrote /Users/cedricberard/ikengassiindex.github.io/denmark/ssi-data.json (10.4 MB, 4822 substations)
2026-07-18 10:53:58,545 INFO __main__: Wrote /Users/cedricberard/ikengassiindex.github.io/denmark/grid-geo.json (2.4 MB, 4924 lines)
2026-07-18 10:53:58,547 INFO __main__: Wrote voltage cross-validation report: /Users/cedricberard/ikengassiindex.github.io/denmark/v4_23-voltage-cross-validation.json (480 findings across 5580 matched pairs)

Merge stats:
  enriched: 5580
  voltage_filled: 0
  net_new_substations: 2389
  voltage_xcheck_findings: 480
  step_4b_retroactive_attribution: 2
  final_substation_count: 4822
  lines_appended: 2003
  lines_deduped: 3371
  final_line_count: 4924
  raw_sha256: 7bb57d049ad222fab4ef20d2bbb5e04cc2baece38ffd253d59015402cfe63717
  raw_bytes_fetched: 3431433
