══════════════════════════════════════════════════════════════════════
Spain P36 Wave 4 — Merge OSM into ssi-data.json + grid-geo.json
🇪🇸 Iberian cluster completion 2-of-2 + Portugal P33 bi-directional inheritance
══════════════════════════════════════════════════════════════════════
[baseline] subs pre-fetch: 3,423
[baseline] lines pre-fetch: 22,765
[baseline] adjacency pre-fetch: 0

[subs] processed 30,222 subs
[subs] filtered no-coords: 0
[subs] filtered out-of-bbox (Discipline #36): 0
[subs] filtered no-voltage (unresolvable): 0
[subs] voltage inferred (Portugal P33 bi-directional): 14,171
[subs] Convention #78 alias hits: 2,621
[subs] Resolution layer counts:
[subs]   voltage_ehv: 9,280
[subs]   fallback_default_dso_voltage_inferred: 3,981
[subs]   regional_utility_iberdrola_i_de_center_south_coord_voltage_inferred: 1,738
[subs]   alias_hit: 1,696
[subs]   regional_utility_endesa_cataluna_coord: 1,413
[subs]   regional_utility_endesa_andalucia_aragon_coord_voltage_inferred: 1,372
[subs]   regional_utility_endesa_cataluna_coord_voltage_inferred: 1,212
[subs]   regional_utility_naturgy_castilla_leon_coord_voltage_inferred: 1,098
[subs]   fallback_default_dso: 1,091
[subs]   regional_utility_iberdrola_i_de_east_coord_voltage_inferred: 1,045
[subs]   alias_hit_voltage_inferred: 925
[subs]   canary_bbox_carve_out_voltage_inferred: 759
[subs]   voltage_subtransmission_132: 661
[subs]   regional_utility_naturgy_galicia_coord_voltage_inferred: 603
[subs]   balearic_bbox_carve_out_voltage_inferred: 553
[subs]   regional_utility_iberdrola_i_de_center_south_coord: 435
[subs]   voltage_hv_transmission: 412
[subs]   regional_utility_viesgo_cantabria_coord_voltage_inferred: 329
[subs]   regional_utility_naturgy_castilla_leon_coord: 300
[subs]   regional_utility_endesa_andalucia_aragon_coord: 253
[subs]   regional_utility_iberdrola_i_de_north_coord_voltage_inferred: 244
[subs]   regional_utility_iberdrola_i_de_north_coord: 150
[subs]   regional_utility_edp_hc_asturias_coord_voltage_inferred: 106
[subs]   regional_utility_naturgy_galicia_coord: 104
[subs]   rail_traction_3kv_dc_voltage_inferred: 74
[subs]   regional_utility_iberdrola_i_de_east_coord: 59
[subs]   madrid_iberdrola_geofence_voltage_inferred: 51
[subs]   regional_utility_viesgo_cantabria_coord: 44
[subs]   madrid_naturgy_geofence_voltage_inferred: 44
[subs]   canary_bbox_carve_out: 40
[subs]   voltage_hv_transmission_voltage_inferred: 37
[subs]   balearic_bbox_carve_out: 31
[subs]   madrid_iberdrola_geofence: 27
[subs]   regional_utility_edp_hc_asturias_coord: 23
[subs]   madrid_naturgy_geofence: 17
[subs]   rail_traction_25kv_ac_ave: 13
[subs]   rail_traction_3kv_dc: 2

[lines] building grid-based spatial index (0.1°/11km cells)
[lines] grid index: 3,520 occupied cells
[lines] processed 96,761 lines
[lines] voltage inferred (Sweden P32 pattern): 27,225
[lines] endpoint match rate: 81,085/193,522
[lines] adjacency entries: 8,623

[backup] backing up ssi-data.json + grid-geo.json
[emit] ssi-data.json: 30,222 subs
[emit] grid-geo.json: 30,222 s + 96,761 l + 8,623 a
[emit] audit sidecar → scripts/pipeline/data/spain/v4_23-ingestion-audit-spain-merge-sidecar.json

══════════════════════════════════════════════════════════════════════
✓ Spain P36 merge complete
  subs: 3,423 → 30,222 (+782.9%)
  lines: 22,765 → 96,761 (+325.0%)
  adjacency: 0 → 8,623 (rebuild)
  Convention #78 BINDING 18th alias hits: 2,621
  Madrid §4bis.5 13th enforcement hits: 44
  Portugal P33 bi-directional inferred: subs 14,171 + lines 27,225
  Discipline #41 parity: 3.2 (HEALTHY_BAND)
══════════════════════════════════════════════════════════════════════
