/Users/cedricberard/Library/Python/3.9/lib/python/site-packages/urllib3/__init__.py:35: NotOpenSSLWarning: urllib3 v2 only supports OpenSSL 1.1.1+, currently the 'ssl' module is compiled with 'LibreSSL 2.8.3'. See: https://github.com/urllib3/urllib3/issues/3020
  warnings.warn(
══════════════════════════════════════════════════════════════════════
Spain P36 Wave 4 — OSM Overpass fetch
🇪🇸 Iberian sibling to Portugal + 6-zone (Peninsula + Balearic + Canary + Ceuta+Melilla)
cache_dir: spain/_cache
══════════════════════════════════════════════════════════════════════
[subs] bbox-split fetching 6 zones
[subs/peninsula_north] Peninsula North (Galicia + Asturias + Cantabria + Basque + Navarra + Aragón + Cataluña + Castilla y León north)
[subs/peninsula_north] bbox (41.2, -9.3, 43.79, 3.35)
[subs/peninsula_north] endpoint 1/3 attempt 1/3 → https://overpass-api.de/api/interpreter
[subs/peninsula_north] ⚠ HTTP 504 rate-limit/timeout, backing off 30s
[subs/peninsula_north] endpoint 1/3 attempt 2/3 → https://overpass-api.de/api/interpreter
[subs/peninsula_north] ⚠ HTTP 504 rate-limit/timeout, backing off 60s
[subs/peninsula_north] endpoint 1/3 attempt 3/3 → https://overpass-api.de/api/interpreter
[subs/peninsula_north] ⚠ HTTP 504 rate-limit/timeout, backing off 90s
[subs/peninsula_north] endpoint 2/3 attempt 1/3 → https://overpass.kumi.systems/api/interpreter
[subs/peninsula_north] ⚠ request failed: HTTPSConnectionPool(host='overpass.kumi.systems', port=443): Read timed out. (read timeout=120)
[subs/peninsula_north] endpoint 2/3 attempt 2/3 → https://overpass.kumi.systems/api/interpreter
[subs/peninsula_north] ⚠ request failed: HTTPSConnectionPool(host='overpass.kumi.systems', port=443): Read timed out. (read timeout=120)
[subs/peninsula_north] endpoint 2/3 attempt 3/3 → https://overpass.kumi.systems/api/interpreter
[subs/peninsula_north] ⚠ HTTP 504 rate-limit/timeout, backing off 90s
[subs/peninsula_north] endpoint 3/3 attempt 1/3 → https://overpass.private.coffee/api/interpreter
[subs/peninsula_north] ⚠ HTTP 504 rate-limit/timeout, backing off 30s
[subs/peninsula_north] endpoint 3/3 attempt 2/3 → https://overpass.private.coffee/api/interpreter
[subs/peninsula_north] ✓ HTTP 200 (9,168,179 bytes)
[subs/peninsula_north] cached → spain/_cache/overpass-subs-peninsula_north.json
[subs/peninsula_north] +22,132 elements
[subs/peninsula_center] Peninsula Center (Madrid + Castilla y León south + Castilla-La Mancha + Extremadura + Cataluña south + Valencia north + Aragón south)
[subs/peninsula_center] bbox (39.0, -7.6, 41.2, 3.2)
[subs/peninsula_center] endpoint 1/3 attempt 1/3 → https://overpass-api.de/api/interpreter
[subs/peninsula_center] ✓ HTTP 200 (1,125,482 bytes)
[subs/peninsula_center] cached → spain/_cache/overpass-subs-peninsula_center.json
[subs/peninsula_center] +3,018 elements
[subs/peninsula_south] Peninsula South (Andalucía + Murcia + Valencia south + Extremadura south)
[subs/peninsula_south] bbox (35.99, -7.6, 39.0, 0.9)
[subs/peninsula_south] endpoint 1/3 attempt 1/3 → https://overpass-api.de/api/interpreter
[subs/peninsula_south] ✓ HTTP 200 (1,332,835 bytes)
[subs/peninsula_south] cached → spain/_cache/overpass-subs-peninsula_south.json
[subs/peninsula_south] +3,807 elements
[subs/balearic] Balearic Islands (Mallorca + Menorca + Ibiza + Formentera; Cometa 400 MW HVDC to Peninsula)
[subs/balearic] bbox (38.65, 1.15, 40.1, 4.35)
[subs/balearic] endpoint 1/3 attempt 1/3 → https://overpass-api.de/api/interpreter
[subs/balearic] ✓ HTTP 200 (150,547 bytes)
[subs/balearic] cached → spain/_cache/overpass-subs-balearic.json
[subs/balearic] +443 elements
[subs/canary] Canary Islands (7 main: Tenerife + Gran Canaria + Lanzarote + Fuerteventura + La Palma + El Hierro + La Gomera; ~1,700 km SW mainland, 6 sub-systems ISLANDED)
[subs/canary] bbox (27.63, -18.16, 29.42, -13.42)
[subs/canary] endpoint 1/3 attempt 1/3 → https://overpass-api.de/api/interpreter
[subs/canary] ✓ HTTP 200 (231,846 bytes)
[subs/canary] cached → spain/_cache/overpass-subs-canary.json
[subs/canary] +817 elements
[subs/ceuta_melilla] Ceuta + Melilla (Spanish North African exclaves; Chafarinas + Alborán + Peñón de Vélez + Peñón de Alhucemas minor islands)
[subs/ceuta_melilla] bbox (35.2, -5.4, 35.95, -2.85)
[subs/ceuta_melilla] endpoint 1/3 attempt 1/3 → https://overpass-api.de/api/interpreter
[subs/ceuta_melilla] ⚠ HTTP 429 rate-limit/timeout, backing off 30s
[subs/ceuta_melilla] endpoint 1/3 attempt 2/3 → https://overpass-api.de/api/interpreter
[subs/ceuta_melilla] ✓ HTTP 200 (2,123 bytes)
[subs/ceuta_melilla] cached → spain/_cache/overpass-subs-ceuta_melilla.json
[subs/ceuta_melilla] +5 elements
[subs] ✓ assembled 30,222 total subs elements
[subs] cached → spain/_cache/overpass-subs-raw.json

[lines] bbox-split fetching 6 zones
[lines/peninsula_north] Peninsula North (Galicia + Asturias + Cantabria + Basque + Navarra + Aragón + Cataluña + Castilla y León north)
[lines/peninsula_north] bbox (41.2, -9.3, 43.79, 3.35)
[lines/peninsula_north] endpoint 1/3 attempt 1/3 → https://overpass-api.de/api/interpreter
[lines/peninsula_north] ✓ HTTP 200 (63,755,118 bytes)
[lines/peninsula_north] cached → spain/_cache/overpass-lines-peninsula_north.json
[lines/peninsula_north] +60,407 elements
[lines/peninsula_center] Peninsula Center (Madrid + Castilla y León south + Castilla-La Mancha + Extremadura + Cataluña south + Valencia north + Aragón south)
[lines/peninsula_center] bbox (39.0, -7.6, 41.2, 3.2)
[lines/peninsula_center] endpoint 1/3 attempt 1/3 → https://overpass-api.de/api/interpreter
[lines/peninsula_center] ⚠ HTTP 504 rate-limit/timeout, backing off 30s
[lines/peninsula_center] endpoint 1/3 attempt 2/3 → https://overpass-api.de/api/interpreter
[lines/peninsula_center] ⚠ HTTP 504 rate-limit/timeout, backing off 60s
[lines/peninsula_center] endpoint 1/3 attempt 3/3 → https://overpass-api.de/api/interpreter
[lines/peninsula_center] ⚠ HTTP 504 rate-limit/timeout, backing off 90s
[lines/peninsula_center] endpoint 2/3 attempt 1/3 → https://overpass.kumi.systems/api/interpreter
[lines/peninsula_center] ⚠ request failed: HTTPSConnectionPool(host='overpass.kumi.systems', port=443): Read timed out. (read timeout=120)
[lines/peninsula_center] endpoint 2/3 attempt 2/3 → https://overpass.kumi.systems/api/interpreter
[lines/peninsula_center] ⚠ HTTP 504 rate-limit/timeout, backing off 60s
[lines/peninsula_center] endpoint 2/3 attempt 3/3 → https://overpass.kumi.systems/api/interpreter
[lines/peninsula_center] ⚠ HTTP 504 rate-limit/timeout, backing off 90s
[lines/peninsula_center] endpoint 3/3 attempt 1/3 → https://overpass.private.coffee/api/interpreter
[lines/peninsula_center] ✓ HTTP 200 (21,353,954 bytes)
[lines/peninsula_center] cached → spain/_cache/overpass-lines-peninsula_center.json
[lines/peninsula_center] +17,955 elements
[lines/peninsula_south] Peninsula South (Andalucía + Murcia + Valencia south + Extremadura south)
[lines/peninsula_south] bbox (35.99, -7.6, 39.0, 0.9)
[lines/peninsula_south] endpoint 1/3 attempt 1/3 → https://overpass-api.de/api/interpreter
[lines/peninsula_south] ✓ HTTP 200 (15,155,773 bytes)
[lines/peninsula_south] cached → spain/_cache/overpass-lines-peninsula_south.json
[lines/peninsula_south] +14,849 elements
[lines/balearic] Balearic Islands (Mallorca + Menorca + Ibiza + Formentera; Cometa 400 MW HVDC to Peninsula)
[lines/balearic] bbox (38.65, 1.15, 40.1, 4.35)
[lines/balearic] endpoint 1/3 attempt 1/3 → https://overpass-api.de/api/interpreter
[lines/balearic] ✓ HTTP 200 (1,190,209 bytes)
[lines/balearic] cached → spain/_cache/overpass-lines-balearic.json
[lines/balearic] +1,140 elements
[lines/canary] Canary Islands (7 main: Tenerife + Gran Canaria + Lanzarote + Fuerteventura + La Palma + El Hierro + La Gomera; ~1,700 km SW mainland, 6 sub-systems ISLANDED)
[lines/canary] bbox (27.63, -18.16, 29.42, -13.42)
[lines/canary] endpoint 1/3 attempt 1/3 → https://overpass-api.de/api/interpreter
[lines/canary] ⚠ HTTP 504 rate-limit/timeout, backing off 30s
[lines/canary] endpoint 1/3 attempt 2/3 → https://overpass-api.de/api/interpreter
[lines/canary] ✓ HTTP 200 (1,972,445 bytes)
[lines/canary] cached → spain/_cache/overpass-lines-canary.json
[lines/canary] +2,386 elements
[lines/ceuta_melilla] Ceuta + Melilla (Spanish North African exclaves; Chafarinas + Alborán + Peñón de Vélez + Peñón de Alhucemas minor islands)
[lines/ceuta_melilla] bbox (35.2, -5.4, 35.95, -2.85)
[lines/ceuta_melilla] endpoint 1/3 attempt 1/3 → https://overpass-api.de/api/interpreter
[lines/ceuta_melilla] ⚠ HTTP 504 rate-limit/timeout, backing off 30s
[lines/ceuta_melilla] endpoint 1/3 attempt 2/3 → https://overpass-api.de/api/interpreter
[lines/ceuta_melilla] ✓ HTTP 200 (94,408 bytes)
[lines/ceuta_melilla] cached → spain/_cache/overpass-lines-ceuta_melilla.json
[lines/ceuta_melilla] +24 elements
[lines] ✓ assembled 96,761 total lines elements
[lines] cached → spain/_cache/overpass-lines-raw.json

══════════════════════════════════════════════════════════════════════
✓ Spain P36 fetch complete: 30,222 sub elements + 96,761 line elements
══════════════════════════════════════════════════════════════════════
