/Users/cedricberard/Library/Python/3.9/lib/python/site-packages/urllib3/__init__.py:35: NotOpenSSLWarning: urllib3 v2 only supports OpenSSL 1.1.1+, currently the 'ssl' module is compiled with 'LibreSSL 2.8.3'. See: https://github.com/urllib3/urllib3/issues/3020
  warnings.warn(
2026-07-18 15:54:57,441 INFO __main__: Overpass POST https://overpass-api.de/api/interpreter (attempt 1/4)
2026-07-18 15:55:36,909 INFO __main__: Fetched 14030016 bytes to cache e0fb8c8269a6feae.json
2026-07-18 15:55:37,030 INFO __main__: Parsed 36037 substations from OSM Overpass (way with center)
2026-07-18 15:55:37,031 INFO __main__: Overpass POST https://overpass-api.de/api/interpreter (attempt 1/4)
2026-07-18 15:56:07,362 INFO __main__: Fetched 7798553 bytes to cache bdb018c1fc57e4ea.json
2026-07-18 15:56:07,455 INFO __main__: Parsed 23995 additional substations (node)
2026-07-18 15:56:07,455 INFO __main__: Overpass POST https://overpass-api.de/api/interpreter (attempt 1/4)
2026-07-18 15:56:19,530 INFO __main__: Fetched 54166 bytes to cache f3f7eeeb90bfa2cb.json
2026-07-18 15:56:19,565 INFO __main__: Parsed 96 additional substations (relation with center)
2026-07-18 15:56:19,565 INFO __main__: Total OSM substations pre-filter: 60128
2026-07-18 15:56:19,566 INFO __main__: Overpass POST https://overpass-api.de/api/interpreter (attempt 1/4)
2026-07-18 15:56:26,388 WARNING __main__: Overpass HTTP 429; trying next endpoint after 5s
2026-07-18 15:56:31,391 INFO __main__: Overpass POST https://overpass.kumi.systems/api/interpreter (attempt 1/4)
2026-07-18 15:58:31,605 WARNING __main__: Overpass timeout at https://overpass.kumi.systems/api/interpreter; trying next endpoint after 5s
2026-07-18 15:58:36,607 INFO __main__: Overpass POST https://overpass.private.coffee/api/interpreter (attempt 1/4)
2026-07-18 16:00:36,762 WARNING __main__: Overpass timeout at https://overpass.private.coffee/api/interpreter; trying next endpoint after 5s
2026-07-18 16:00:41,768 ERROR __main__: All 3 Overpass endpoints failed; returning None per Convention #56
2026-07-18 16:00:41,773 WARNING scripts.pipeline.ingestion.uk._base: cross_border filter unavailable; passing through 60128 features
2026-07-18 16:00:41,773 WARNING scripts.pipeline.ingestion.uk._base: cross_border filter unavailable; passing through 0 features
2026-07-18 16:00:41,904 INFO __main__: Owner enrichment: 32431 direct OSM (16189 alias-normalised) + 25567 TSO + 1994 §4bis.5 London LPN (9th enforcement) + 12 nuclear + 5 rail + 54 NI + 63 Crown Dependencies + 2 DNO
2026-07-18 16:00:41,904 INFO __main__: Discipline #41: Discipline #41 BELOW_HEALTHY_BAND — 60128 substations + 0 lines (ratio 0.00). May indicate line under-capture.
2026-07-18 16:00:41,904 INFO scripts.pipeline.ingestion.uk._base: Wrote audit sidecar /Users/cedricberard/ikengassiindex.github.io/scripts/pipeline/data/uk/v4_23-ingestion-audit-uk-osm-overpass.yaml (1522 bytes)

UK-P31-osm-overpass fetch complete (WAVE 4 CORRECTED architecture)
  substations:        60,128
  transmission_lines: 0
  raw_bytes_fetched:  21,882,735
  raw_sha256:         f1228be891c13d6bc672a9e0ad734f2c0897ec03a22821b20fd86751acc60422
  Owner-provenance distribution:
    25380  region_jurisdiction_layer_6_NGET_catch_all_default
    16242  osm_operator_tag_direct
    16189  osm_operator_tag_direct_alias_normalised
     1994  region_jurisdiction_layer_3_4bis5_9th_enforcement_UKPN_LPN_via_London_geofence
      139  region_jurisdiction_layer_1_NGET_english_welsh_tso_ge_275kv
       63  region_jurisdiction_layer_4c_isle_of_man_crown_dependency_bbox
       54  region_jurisdiction_layer_4e_northern_ireland_NIE_networks_via_bbox
       30  region_jurisdiction_layer_1_SPT_scottish_southern_tso_ge_275kv
       18  region_jurisdiction_layer_1_SHE_T_scottish_northern_tso_ge_275kv
       12  region_jurisdiction_layer_4a_nuclear_name_match
        5  region_jurisdiction_layer_4b_rail_traction_name_match
        1  region_jurisdiction_layer_3b_NGED_via_admin_map
        1  region_jurisdiction_layer_3b_UKPN_via_admin_map
  Distinct operators: 341
  Top 20 operators:
    25848  NGET
    10938  National Grid Electricity Distribution Plc
     7276  NGED
     4406  UKPN
     1994  UKPN LPN
     1605  Enedis
     1365  SPEN
     1165  SSEN
      832  SSE Power Distribution
      753  NPG
      617  ENW
      589  Network Rail
      549  NIE Networks
      549  ESB Networks
      256  SONI
      174  UK Power Networks (SPN)
       93  Scottish Power
       67  SHE-T
       64  Manx Utilities
       40  EDF

  ⚠ Convention #56 partial — OSM line fetch failed
/Users/cedricberard/Library/Python/3.9/lib/python/site-packages/urllib3/__init__.py:35: NotOpenSSLWarning: urllib3 v2 only supports OpenSSL 1.1.1+, currently the 'ssl' module is compiled with 'LibreSSL 2.8.3'. See: https://github.com/urllib3/urllib3/issues/3020
  warnings.warn(
2026-07-18 16:15:23,174 INFO __main__: Cache hit: e0fb8c8269a6feae.json (14030016 bytes)
2026-07-18 16:15:23,277 INFO __main__: Parsed 36037 substations from OSM Overpass (way with center)
2026-07-18 16:15:23,280 INFO __main__: Cache hit: bdb018c1fc57e4ea.json (7798553 bytes)
2026-07-18 16:15:23,348 INFO __main__: Parsed 23995 additional substations (node)
2026-07-18 16:15:23,349 INFO __main__: Cache hit: f3f7eeeb90bfa2cb.json (54166 bytes)
2026-07-18 16:15:23,358 INFO __main__: Parsed 96 additional substations (relation with center)
2026-07-18 16:15:23,358 INFO __main__: Total OSM substations pre-filter: 60128
2026-07-18 16:15:23,358 INFO __main__: Overpass POST https://overpass-api.de/api/interpreter (attempt 1/4)
2026-07-18 16:17:23,575 WARNING __main__: Overpass timeout at https://overpass-api.de/api/interpreter; trying next endpoint after 5s
2026-07-18 16:17:28,580 INFO __main__: Overpass POST https://overpass.kumi.systems/api/interpreter (attempt 1/4)
2026-07-18 16:18:55,517 WARNING __main__: Overpass 504 gateway; trying next endpoint after 5s
2026-07-18 16:19:00,522 INFO __main__: Overpass POST https://overpass.private.coffee/api/interpreter (attempt 1/4)
2026-07-18 16:20:27,376 WARNING __main__: Overpass 504 gateway; trying next endpoint after 5s
2026-07-18 16:20:32,387 ERROR __main__: All 3 Overpass endpoints failed; returning None per Convention #56
2026-07-18 16:20:32,393 WARNING scripts.pipeline.ingestion.uk._base: cross_border filter unavailable; passing through 60128 features
2026-07-18 16:20:32,393 WARNING scripts.pipeline.ingestion.uk._base: cross_border filter unavailable; passing through 0 features
2026-07-18 16:20:32,489 INFO __main__: Owner enrichment: 32431 direct OSM (16189 alias-normalised) + 25567 TSO + 1994 §4bis.5 London LPN (9th enforcement) + 12 nuclear + 5 rail + 54 NI + 63 Crown Dependencies + 2 DNO
2026-07-18 16:20:32,489 INFO __main__: Discipline #41: Discipline #41 BELOW_HEALTHY_BAND — 60128 substations + 0 lines (ratio 0.00). May indicate line under-capture.
2026-07-18 16:20:32,490 INFO scripts.pipeline.ingestion.uk._base: Wrote audit sidecar /Users/cedricberard/ikengassiindex.github.io/scripts/pipeline/data/uk/v4_23-ingestion-audit-uk-osm-overpass.yaml (1522 bytes)

UK-P31-osm-overpass fetch complete (WAVE 4 CORRECTED architecture)
  substations:        60,128
  transmission_lines: 0
  raw_bytes_fetched:  21,882,735
  raw_sha256:         f1228be891c13d6bc672a9e0ad734f2c0897ec03a22821b20fd86751acc60422
  Owner-provenance distribution:
    25380  region_jurisdiction_layer_6_NGET_catch_all_default
    16242  osm_operator_tag_direct
    16189  osm_operator_tag_direct_alias_normalised
     1994  region_jurisdiction_layer_3_4bis5_9th_enforcement_UKPN_LPN_via_London_geofence
      139  region_jurisdiction_layer_1_NGET_english_welsh_tso_ge_275kv
       63  region_jurisdiction_layer_4c_isle_of_man_crown_dependency_bbox
       54  region_jurisdiction_layer_4e_northern_ireland_NIE_networks_via_bbox
       30  region_jurisdiction_layer_1_SPT_scottish_southern_tso_ge_275kv
       18  region_jurisdiction_layer_1_SHE_T_scottish_northern_tso_ge_275kv
       12  region_jurisdiction_layer_4a_nuclear_name_match
        5  region_jurisdiction_layer_4b_rail_traction_name_match
        1  region_jurisdiction_layer_3b_NGED_via_admin_map
        1  region_jurisdiction_layer_3b_UKPN_via_admin_map
  Distinct operators: 341
  Top 20 operators:
    25848  NGET
    10938  National Grid Electricity Distribution Plc
     7276  NGED
     4406  UKPN
     1994  UKPN LPN
     1605  Enedis
     1365  SPEN
     1165  SSEN
      832  SSE Power Distribution
      753  NPG
      617  ENW
      589  Network Rail
      549  NIE Networks
      549  ESB Networks
      256  SONI
      174  UK Power Networks (SPN)
       93  Scottish Power
       67  SHE-T
       64  Manx Utilities
       40  EDF

  ⚠ Convention #56 partial — OSM line fetch failed
/Users/cedricberard/Library/Python/3.9/lib/python/site-packages/urllib3/__init__.py:35: NotOpenSSLWarning: urllib3 v2 only supports OpenSSL 1.1.1+, currently the 'ssl' module is compiled with 'LibreSSL 2.8.3'. See: https://github.com/urllib3/urllib3/issues/3020
  warnings.warn(
2026-07-18 16:30:10,111 INFO __main__: Cache hit: e0fb8c8269a6feae.json (14030016 bytes)
2026-07-18 16:30:10,227 INFO __main__: Parsed 36037 substations from OSM Overpass (way with center)
2026-07-18 16:30:10,230 INFO __main__: Cache hit: bdb018c1fc57e4ea.json (7798553 bytes)
2026-07-18 16:30:10,310 INFO __main__: Parsed 23995 additional substations (node)
2026-07-18 16:30:10,310 INFO __main__: Cache hit: f3f7eeeb90bfa2cb.json (54166 bytes)
2026-07-18 16:30:10,320 INFO __main__: Parsed 96 additional substations (relation with center)
2026-07-18 16:30:10,320 INFO __main__: Total OSM substations pre-filter: 60128
2026-07-18 16:30:10,320 INFO __main__: Overpass POST https://overpass-api.de/api/interpreter (attempt 1/4)
2026-07-18 16:30:16,593 WARNING __main__: Overpass 504 gateway; trying next endpoint after 5s
2026-07-18 16:30:21,599 INFO __main__: Overpass POST https://overpass.kumi.systems/api/interpreter (attempt 1/4)
2026-07-18 16:31:58,178 WARNING __main__: Overpass 504 gateway; trying next endpoint after 5s
2026-07-18 16:32:03,184 INFO __main__: Overpass POST https://overpass.private.coffee/api/interpreter (attempt 1/4)
2026-07-18 16:34:03,332 WARNING __main__: Overpass timeout at https://overpass.private.coffee/api/interpreter; trying next endpoint after 5s
2026-07-18 16:34:08,337 ERROR __main__: All 3 Overpass endpoints failed; returning None per Convention #56
2026-07-18 16:34:08,337 WARNING __main__: Single-bbox UK line query failed; falling back to 6-zone bbox split
2026-07-18 16:34:08,337 INFO __main__: Bbox-split zone 'north_scotland_shetland' bbox=56.5,-8.0,60.9,-0.5
2026-07-18 16:34:08,337 INFO __main__: Overpass POST https://overpass-api.de/api/interpreter (attempt 1/4)
2026-07-18 16:34:15,497 WARNING __main__: Overpass 504 gateway; trying next endpoint after 5s
2026-07-18 16:34:20,502 INFO __main__: Overpass POST https://overpass.kumi.systems/api/interpreter (attempt 1/4)
2026-07-18 16:35:34,638 INFO __main__: Fetched 24616097 bytes to cache 5f681965f874545c.json
2026-07-18 16:35:35,058 INFO __main__:   Zone 'north_scotland_shetland' → +21645 new lines (cumulative: 21645)
2026-07-18 16:35:35,058 INFO __main__: Bbox-split zone 'south_scotland' bbox=54.0,-5.5,56.5,-1.0
2026-07-18 16:35:35,058 INFO __main__: Overpass POST https://overpass-api.de/api/interpreter (attempt 1/4)
2026-07-18 16:35:47,222 WARNING __main__: Overpass 504 gateway; trying next endpoint after 5s
2026-07-18 16:35:52,232 INFO __main__: Overpass POST https://overpass.kumi.systems/api/interpreter (attempt 1/4)
2026-07-18 16:37:15,134 WARNING __main__: Overpass 504 gateway; trying next endpoint after 5s
2026-07-18 16:37:20,144 INFO __main__: Overpass POST https://overpass.private.coffee/api/interpreter (attempt 1/4)
2026-07-18 16:39:21,325 INFO __main__: Fetched 36730555 bytes to cache e9b3803c5d676baf.json
2026-07-18 16:39:22,021 INFO __main__:   Zone 'south_scotland' → +35412 new lines (cumulative: 57057)
2026-07-18 16:39:22,021 INFO __main__: Bbox-split zone 'northern_ireland' bbox=54.0,-8.2,55.5,-5.4
2026-07-18 16:39:22,021 INFO __main__: Overpass POST https://overpass-api.de/api/interpreter (attempt 1/4)
2026-07-18 16:39:32,570 INFO __main__: Fetched 23672542 bytes to cache 7050eb7646d39c05.json
2026-07-18 16:39:32,874 INFO __main__:   Zone 'northern_ireland' → +26546 new lines (cumulative: 83603)
2026-07-18 16:39:32,874 INFO __main__: Bbox-split zone 'north_england_wales_north' bbox=52.5,-5.6,54.5,0.0
2026-07-18 16:39:32,874 INFO __main__: Overpass POST https://overpass-api.de/api/interpreter (attempt 1/4)
2026-07-18 16:39:56,789 INFO __main__: Fetched 35329878 bytes to cache ff7d11b61a728b7d.json
2026-07-18 16:39:57,325 INFO __main__:   Zone 'north_england_wales_north' → +28970 new lines (cumulative: 112573)
2026-07-18 16:39:57,325 INFO __main__: Bbox-split zone 'central_england_wales_south' bbox=51.5,-5.7,52.5,1.8
2026-07-18 16:39:57,325 INFO __main__: Overpass POST https://overpass-api.de/api/interpreter (attempt 1/4)
2026-07-18 16:40:33,722 INFO __main__: Fetched 51016023 bytes to cache 5bbaa2d634c04992.json
2026-07-18 16:40:34,508 INFO __main__:   Zone 'central_england_wales_south' → +60246 new lines (cumulative: 172819)
2026-07-18 16:40:34,509 INFO __main__: Bbox-split zone 'south_england_cornwall' bbox=49.9,-6.5,51.5,1.8
2026-07-18 16:40:34,509 INFO __main__: Overpass POST https://overpass-api.de/api/interpreter (attempt 1/4)
2026-07-18 16:41:15,683 INFO __main__: Fetched 27485787 bytes to cache 32402463f86f5cfa.json
2026-07-18 16:41:16,197 INFO __main__:   Zone 'south_england_cornwall' → +29157 new lines (cumulative: 201976)
2026-07-18 16:41:16,197 INFO __main__: Bbox-split summary: 6/6 zones succeeded, total lines: 201976
2026-07-18 16:41:16,198 WARNING scripts.pipeline.ingestion.uk._base: cross_border filter unavailable; passing through 60128 features
2026-07-18 16:41:16,199 WARNING scripts.pipeline.ingestion.uk._base: cross_border filter unavailable; passing through 201976 features
2026-07-18 16:41:16,263 INFO __main__: Owner enrichment: 32431 direct OSM (16189 alias-normalised) + 25567 TSO + 1994 §4bis.5 London LPN (9th enforcement) + 12 nuclear + 5 rail + 54 NI + 63 Crown Dependencies + 2 DNO
2026-07-18 16:41:16,263 INFO __main__: Discipline #41: Discipline #41 OK — 60128 substations + 201976 lines (ratio 3.36).
2026-07-18 16:41:16,263 INFO scripts.pipeline.ingestion.uk._base: Wrote audit sidecar /Users/cedricberard/ikengassiindex.github.io/scripts/pipeline/data/uk/v4_23-ingestion-audit-uk-osm-overpass.yaml (1540 bytes)

UK-P31-osm-overpass fetch complete (WAVE 4 CORRECTED architecture)
  substations:        60,128
  transmission_lines: 201,976
  raw_bytes_fetched:  220,733,617
  raw_sha256:         f76c4d04f2523aee6e68279d032a2c746234d4d1d3e4600014a23f824ebd766e
  Owner-provenance distribution:
    25380  region_jurisdiction_layer_6_NGET_catch_all_default
    16242  osm_operator_tag_direct
    16189  osm_operator_tag_direct_alias_normalised
     1994  region_jurisdiction_layer_3_4bis5_9th_enforcement_UKPN_LPN_via_London_geofence
      139  region_jurisdiction_layer_1_NGET_english_welsh_tso_ge_275kv
       63  region_jurisdiction_layer_4c_isle_of_man_crown_dependency_bbox
       54  region_jurisdiction_layer_4e_northern_ireland_NIE_networks_via_bbox
       30  region_jurisdiction_layer_1_SPT_scottish_southern_tso_ge_275kv
       18  region_jurisdiction_layer_1_SHE_T_scottish_northern_tso_ge_275kv
       12  region_jurisdiction_layer_4a_nuclear_name_match
        5  region_jurisdiction_layer_4b_rail_traction_name_match
        1  region_jurisdiction_layer_3b_NGED_via_admin_map
        1  region_jurisdiction_layer_3b_UKPN_via_admin_map
  Distinct operators: 341
  Top 20 operators:
    25848  NGET
    10938  National Grid Electricity Distribution Plc
     7276  NGED
     4406  UKPN
     1994  UKPN LPN
     1605  Enedis
     1365  SPEN
     1165  SSEN
      832  SSE Power Distribution
      753  NPG
      617  ENW
      589  Network Rail
      549  NIE Networks
      549  ESB Networks
      256  SONI
      174  UK Power Networks (SPN)
       93  Scottish Power
       67  SHE-T
       64  Manx Utilities
       40  EDF

  ⚠ Convention #56 partial — OSM single-bbox line fetch failed; bbox-split fallback into 6 zones activated
