/Users/cedricberard/Library/Python/3.9/lib/python/site-packages/urllib3/__init__.py:35: NotOpenSSLWarning: urllib3 v2 only supports OpenSSL 1.1.1+, currently the 'ssl' module is compiled with 'LibreSSL 2.8.3'. See: https://github.com/urllib3/urllib3/issues/3020
  warnings.warn(
2026-07-18 17:08:28,892 INFO __main__: Fetching UK OSM Overpass (WAVE 4 CORRECTED — out center + out geom)...
2026-07-18 17:08:28,898 INFO scripts.pipeline.ingestion.uk.osm_overpass: Cache hit: e0fb8c8269a6feae.json (14030016 bytes)
2026-07-18 17:08:28,997 INFO scripts.pipeline.ingestion.uk.osm_overpass: Parsed 36037 substations from OSM Overpass (way with center)
2026-07-18 17:08:29,001 INFO scripts.pipeline.ingestion.uk.osm_overpass: Cache hit: bdb018c1fc57e4ea.json (7798553 bytes)
2026-07-18 17:08:29,067 INFO scripts.pipeline.ingestion.uk.osm_overpass: Parsed 23995 additional substations (node)
2026-07-18 17:08:29,068 INFO scripts.pipeline.ingestion.uk.osm_overpass: Cache hit: f3f7eeeb90bfa2cb.json (54166 bytes)
2026-07-18 17:08:29,077 INFO scripts.pipeline.ingestion.uk.osm_overpass: Parsed 96 additional substations (relation with center)
2026-07-18 17:08:29,077 INFO scripts.pipeline.ingestion.uk.osm_overpass: Total OSM substations pre-filter: 60128
2026-07-18 17:08:29,077 INFO scripts.pipeline.ingestion.uk.osm_overpass: Overpass POST https://overpass-api.de/api/interpreter (attempt 1/4)
2026-07-18 17:10:29,243 WARNING scripts.pipeline.ingestion.uk.osm_overpass: Overpass timeout at https://overpass-api.de/api/interpreter; trying next endpoint after 5s
2026-07-18 17:10:34,248 INFO scripts.pipeline.ingestion.uk.osm_overpass: Overpass POST https://overpass.kumi.systems/api/interpreter (attempt 1/4)
2026-07-18 17:12:35,259 WARNING scripts.pipeline.ingestion.uk.osm_overpass: Overpass timeout at https://overpass.kumi.systems/api/interpreter; trying next endpoint after 5s
2026-07-18 17:12:40,264 INFO scripts.pipeline.ingestion.uk.osm_overpass: Overpass POST https://overpass.private.coffee/api/interpreter (attempt 1/4)
2026-07-18 17:14:40,477 WARNING scripts.pipeline.ingestion.uk.osm_overpass: Overpass timeout at https://overpass.private.coffee/api/interpreter; trying next endpoint after 5s
2026-07-18 17:14:45,487 ERROR scripts.pipeline.ingestion.uk.osm_overpass: All 3 Overpass endpoints failed; returning None per Convention #56
2026-07-18 17:14:45,488 WARNING scripts.pipeline.ingestion.uk.osm_overpass: Single-bbox UK line query failed; falling back to 6-zone bbox split
2026-07-18 17:14:45,488 INFO scripts.pipeline.ingestion.uk.osm_overpass: Bbox-split zone 'north_scotland_shetland' bbox=56.5,-8.0,60.9,-0.5
2026-07-18 17:14:45,503 INFO scripts.pipeline.ingestion.uk.osm_overpass: Cache hit: 5f681965f874545c.json (24616097 bytes)
2026-07-18 17:14:45,923 INFO scripts.pipeline.ingestion.uk.osm_overpass:   Zone 'north_scotland_shetland' → +21645 new lines (cumulative: 21645)
2026-07-18 17:14:45,923 INFO scripts.pipeline.ingestion.uk.osm_overpass: Bbox-split zone 'south_scotland' bbox=54.0,-5.5,56.5,-1.0
2026-07-18 17:14:45,936 INFO scripts.pipeline.ingestion.uk.osm_overpass: Cache hit: e9b3803c5d676baf.json (36730555 bytes)
2026-07-18 17:14:46,489 INFO scripts.pipeline.ingestion.uk.osm_overpass:   Zone 'south_scotland' → +35412 new lines (cumulative: 57057)
2026-07-18 17:14:46,489 INFO scripts.pipeline.ingestion.uk.osm_overpass: Bbox-split zone 'northern_ireland' bbox=54.0,-8.2,55.5,-5.4
2026-07-18 17:14:46,497 INFO scripts.pipeline.ingestion.uk.osm_overpass: Cache hit: 7050eb7646d39c05.json (23672542 bytes)
2026-07-18 17:14:46,766 INFO scripts.pipeline.ingestion.uk.osm_overpass:   Zone 'northern_ireland' → +26546 new lines (cumulative: 83603)
2026-07-18 17:14:46,766 INFO scripts.pipeline.ingestion.uk.osm_overpass: Bbox-split zone 'north_england_wales_north' bbox=52.5,-5.6,54.5,0.0
2026-07-18 17:14:46,781 INFO scripts.pipeline.ingestion.uk.osm_overpass: Cache hit: ff7d11b61a728b7d.json (35329878 bytes)
2026-07-18 17:14:47,288 INFO scripts.pipeline.ingestion.uk.osm_overpass:   Zone 'north_england_wales_north' → +28970 new lines (cumulative: 112573)
2026-07-18 17:14:47,288 INFO scripts.pipeline.ingestion.uk.osm_overpass: Bbox-split zone 'central_england_wales_south' bbox=51.5,-5.7,52.5,1.8
2026-07-18 17:14:47,306 INFO scripts.pipeline.ingestion.uk.osm_overpass: Cache hit: 5bbaa2d634c04992.json (51016023 bytes)
2026-07-18 17:14:48,051 INFO scripts.pipeline.ingestion.uk.osm_overpass:   Zone 'central_england_wales_south' → +60246 new lines (cumulative: 172819)
2026-07-18 17:14:48,051 INFO scripts.pipeline.ingestion.uk.osm_overpass: Bbox-split zone 'south_england_cornwall' bbox=49.9,-6.5,51.5,1.8
2026-07-18 17:14:48,065 INFO scripts.pipeline.ingestion.uk.osm_overpass: Cache hit: 32402463f86f5cfa.json (27485787 bytes)
2026-07-18 17:14:48,521 INFO scripts.pipeline.ingestion.uk.osm_overpass:   Zone 'south_england_cornwall' → +29157 new lines (cumulative: 201976)
2026-07-18 17:14:48,521 INFO scripts.pipeline.ingestion.uk.osm_overpass: Bbox-split summary: 6/6 zones succeeded, total lines: 201976
2026-07-18 17:14:48,523 WARNING scripts.pipeline.ingestion.uk._base: cross_border filter unavailable; passing through 60128 features
2026-07-18 17:14:48,523 WARNING scripts.pipeline.ingestion.uk._base: cross_border filter unavailable; passing through 201976 features
2026-07-18 17:14:48,583 INFO scripts.pipeline.ingestion.uk.osm_overpass: Owner enrichment: 32431 direct OSM (16189 alias-normalised) + 25567 TSO + 1994 §4bis.5 London LPN (9th enforcement) + 12 nuclear + 5 rail + 54 NI + 63 Crown Dependencies + 2 DNO
2026-07-18 17:14:48,584 INFO scripts.pipeline.ingestion.uk.osm_overpass: Discipline #41: Discipline #41 OK — 60128 substations + 201976 lines (ratio 3.36).
2026-07-18 17:14:48,584 INFO scripts.pipeline.ingestion.uk._base: Wrote audit sidecar /Users/cedricberard/ikengassiindex.github.io/scripts/pipeline/data/uk/v4_23-ingestion-audit-uk-osm-overpass.yaml (1540 bytes)
2026-07-18 17:14:48,587 INFO __main__: OSM ingestion: 60128 subs + 201976 lines + SHA-256 f76c4d04f2523aee6e68279d032a2c746234d4d1d3e4600014a23f824ebd766e
2026-07-18 17:14:48,587 INFO __main__: Loading /Users/cedricberard/ikengassiindex.github.io/uk/ssi-data.json ...
2026-07-18 17:14:48,622 INFO __main__:   existing ssi-data: 2551 substations
2026-07-18 17:14:48,622 INFO __main__: Loading /Users/cedricberard/ikengassiindex.github.io/uk/grid-geo.json ...
2026-07-18 17:14:48,624 INFO __main__:   existing grid-geo: s=2551 subs, l=807 lines, a=0 adj
2026-07-18 17:16:03,668 INFO __main__: Wrote voltage xcheck report: /Users/cedricberard/ikengassiindex.github.io/uk/v4_23-voltage-cross-validation.json (67 findings across 270 matched pairs)
2026-07-18 17:16:03,668 INFO __main__: Substation ssi-data merge: 270 enriched + 0 voltage-filled + 59858 net-new + 67 xcheck findings
2026-07-18 17:16:03,668 INFO __main__: Step 4b retroactive attribution: 270 subs closed via 9-layer resolver
2026-07-18 17:16:03,668 INFO __main__: Merging grid-geo.json COMPACT schema (Wave 4 corrected)...
2026-07-18 17:16:03,669 INFO __main__: Built grid-based spatial index: 1506 cells for 2551 baseline subs
2026-07-18 17:16:03,950 INFO __main__:   Substation merge progress: 10,000/60,128 processed
2026-07-18 17:16:04,448 INFO __main__:   Substation merge progress: 20,000/60,128 processed
2026-07-18 17:16:05,263 INFO __main__:   Substation merge progress: 30,000/60,128 processed
2026-07-18 17:16:06,141 INFO __main__:   Substation merge progress: 40,000/60,128 processed
2026-07-18 17:16:07,235 INFO __main__:   Substation merge progress: 50,000/60,128 processed
2026-07-18 17:16:08,304 INFO __main__:   Substation merge progress: 60,000/60,128 processed
2026-07-18 17:16:08,783 INFO __main__:   Line merge progress: 20,000/201,976 processed
2026-07-18 17:16:09,901 INFO __main__:   Line merge progress: 40,000/201,976 processed
2026-07-18 17:16:10,574 INFO __main__:   Line merge progress: 60,000/201,976 processed
2026-07-18 17:16:10,943 INFO __main__:   Line merge progress: 80,000/201,976 processed
2026-07-18 17:16:12,615 INFO __main__:   Line merge progress: 100,000/201,976 processed
2026-07-18 17:16:15,021 INFO __main__:   Line merge progress: 120,000/201,976 processed
2026-07-18 17:16:17,084 INFO __main__:   Line merge progress: 140,000/201,976 processed
2026-07-18 17:16:19,444 INFO __main__:   Line merge progress: 160,000/201,976 processed
2026-07-18 17:16:22,475 INFO __main__:   Line merge progress: 180,000/201,976 processed
2026-07-18 17:16:24,818 INFO __main__:   Line merge progress: 200,000/201,976 processed
2026-07-18 17:16:25,053 INFO __main__: Compact grid-geo merge: s +24318 net-new subs, l +201976 lines (54948 with matched endpoints, 0 skipped no-geometry), a +8860 adjacency edges
2026-07-18 17:16:25,227 INFO __main__: Wrote /Users/cedricberard/ikengassiindex.github.io/uk/ssi-data.json (21.5 MB, 62409 substations)
2026-07-18 17:16:26,359 INFO __main__: Wrote /Users/cedricberard/ikengassiindex.github.io/uk/grid-geo.json (72.5 MB, compact {s: 26869, l: 202783, a: 9851})

Merge stats (WAVE 4 CORRECTED architecture):
  --- ssi-data.json (substations) ---
  enriched: 270
  voltage_filled: 0
  net_new_substations: 59858
  voltage_xcheck_findings: 67
  step_4b_retroactive_attribution: 270
  final_substation_count: 62409
  --- grid-geo.json (COMPACT SCHEMA) ---
  s_dict_final: 26869 substations
  l_list_final: 202783 lines
  a_dict_final: 9851 adjacency entries
  s_subs_net_new_added: 24318
  l_lines_added_to_compact: 201976
  l_lines_matched_endpoints: 54948
  l_lines_skipped_no_geometry: 0
  a_adjacency_edges_added: 8860
  raw_sha256: f76c4d04f2523aee6e68279d032a2c746234d4d1d3e4600014a23f824ebd766e
  raw_bytes_fetched: 220733617
