══════════════════════════════════════════════════════════════════════
Sweden P32 Wave 4 — Merge OSM into ssi-data.json + grid-geo.json
🎉 NORDIC CLUSTER COMPLETION MILESTONE 5-of-5 🎉
══════════════════════════════════════════════════════════════════════
[baseline] subs pre-fetch: 3,744
[baseline] lines pre-fetch: 20,877

[subs] processed 11,399 subs
[subs] filtered no-coords: 0
[subs] filtered out-of-bbox (Discipline #36): 1
[subs] filtered no-voltage: 6,070
[subs] Convention #78 alias hits: 213
[subs] Resolution layer counts:
[subs]   voltage_ehv: 6,146
[subs]   voltage_lv_default: 3,232
[subs]   fallback_default_dso: 1,682
[subs]   alias_hit: 213
[subs]   voltage_hv_backbone: 96
[subs]   stockholm_ellevio_geofence: 18
[subs]   stockholm_vattenfall_geofence: 6
[subs]   rail_traction_frequency: 3
[subs]   nuclear_oskarshamn_geofence: 2
[subs]   nuclear_forsmark_geofence: 1

[lines] building grid-based spatial index (0.1°/11km cells)
[lines] grid index: 1,844 occupied cells
[lines] processed 9,687 lines
[lines] endpoint match rate: 14,488/19,374
[lines] adjacency entries: 940

[backup] backing up ssi-data.json + grid-geo.json
[emit] ssi-data.json: 11,399 subs
[emit] grid-geo.json: 11,399 s + 9,687 l + 940 a
[emit] audit sidecar → scripts/pipeline/data/sweden/v4_23-ingestion-audit-sweden-merge-sidecar.json

══════════════════════════════════════════════════════════════════════
✓ Sweden P32 merge complete
  subs: 3,744 → 11,399 (+204.5%)
  lines: 20,877 → 9,687 (-53.6%)
  Convention #78 BINDING 14th alias hits: 213
  Stockholm §4bis.5 10th total hits: 24
  Discipline #41 parity: 0.85 (BELOW_HEALTHY_BAND)
══════════════════════════════════════════════════════════════════════
