/Users/cedricberard/Library/Python/3.9/lib/python/site-packages/urllib3/__init__.py:35: NotOpenSSLWarning: urllib3 v2 only supports OpenSSL 1.1.1+, currently the 'ssl' module is compiled with 'LibreSSL 2.8.3'. See: https://github.com/urllib3/urllib3/issues/3020
  warnings.warn(
══════════════════════════════════════════════════════════════════════
Sweden P32 Wave 4 — OSM Overpass fetch
cache_dir: sweden/_cache
══════════════════════════════════════════════════════════════════════
[subs] fetching Sweden national bbox: (55.34, 10.96, 69.06, 24.17)
[subs] endpoint 1/3 attempt 1/3 → https://overpass-api.de/api/interpreter
[subs] ⚠ HTTP 504 rate-limit/timeout, backing off 30s
[subs] endpoint 1/3 attempt 2/3 → https://overpass-api.de/api/interpreter
[subs] ✓ HTTP 200 (7,415,036 bytes)
[subs] ✓ 17,470 raw OSM elements fetched
[subs] cached → sweden/_cache/overpass-subs-raw.json

[lines] bbox-split fetching 6 zones
[lines/se1_norrland_north] SE1 Norrland North (Luleå + Kiruna + Boden + Gällivare)
[lines/se1_norrland_north] bbox (65.5, 15.0, 69.06, 24.17)
[lines/se1_norrland_north] endpoint 1/3 attempt 1/3 → https://overpass-api.de/api/interpreter
[lines/se1_norrland_north] ✓ HTTP 200 (2,722,978 bytes)
[lines/se1_norrland_north] cached → sweden/_cache/overpass-lines-se1_norrland_north.json
[lines/se1_norrland_north] +1,162 elements
[lines/se2_norrland_south] SE2 Norrland South (Umeå + Sundsvall + Östersund)
[lines/se2_norrland_south] bbox (61.5, 12.0, 65.5, 21.0)
[lines/se2_norrland_south] endpoint 1/3 attempt 1/3 → https://overpass-api.de/api/interpreter
[lines/se2_norrland_south] ✓ HTTP 200 (3,565,648 bytes)
[lines/se2_norrland_south] cached → sweden/_cache/overpass-lines-se2_norrland_south.json
[lines/se2_norrland_south] +1,609 elements
[lines/se3_north] SE3 North (Uppsala + Gävle + Falun + Karlstad north)
[lines/se3_north] bbox (59.2, 12.0, 61.5, 19.5)
[lines/se3_north] endpoint 1/3 attempt 1/3 → https://overpass-api.de/api/interpreter
[lines/se3_north] ⚠ HTTP 429 rate-limit/timeout, backing off 30s
[lines/se3_north] endpoint 1/3 attempt 2/3 → https://overpass-api.de/api/interpreter
[lines/se3_north] ✓ HTTP 200 (3,972,137 bytes)
[lines/se3_north] cached → sweden/_cache/overpass-lines-se3_north.json
[lines/se3_north] +2,720 elements
[lines/se3_south] SE3 South (Stockholm + Göteborg + Örebro + Linköping)
[lines/se3_south] bbox (57.6, 10.96, 59.6, 19.5)
[lines/se3_south] endpoint 1/3 attempt 1/3 → https://overpass-api.de/api/interpreter
[lines/se3_south] ✓ HTTP 200 (6,051,885 bytes)
[lines/se3_south] cached → sweden/_cache/overpass-lines-se3_south.json
[lines/se3_south] +4,355 elements
[lines/se4] SE4 South (Malmö + Öresund + Helsingborg + Kalmar)
[lines/se4] bbox (55.34, 12.0, 57.6, 16.5)
[lines/se4] endpoint 1/3 attempt 1/3 → https://overpass-api.de/api/interpreter
[lines/se4] ✓ HTTP 200 (3,718,131 bytes)
[lines/se4] cached → sweden/_cache/overpass-lines-se4.json
[lines/se4] +2,879 elements
[lines/gotland_oland] Gotland + Öland (2 largest Baltic islands)
[lines/gotland_oland] bbox (55.9, 16.0, 58.1, 19.3)
[lines/gotland_oland] endpoint 1/3 attempt 1/3 → https://overpass-api.de/api/interpreter
[lines/gotland_oland] ✓ HTTP 200 (422,647 bytes)
[lines/gotland_oland] cached → sweden/_cache/overpass-lines-gotland_oland.json
[lines/gotland_oland] +196 elements
[lines] ✓ assembled 12,921 total line elements
[lines] cached → sweden/_cache/overpass-lines-raw.json

══════════════════════════════════════════════════════════════════════
✓ Sweden P32 fetch complete: 17,470 sub elements + 12,921 line elements
══════════════════════════════════════════════════════════════════════
