══════════════════════════════════════════════════════════════════════
Sweden P32 Wave 4 — Merge OSM into ssi-data.json + grid-geo.json
🎉 NORDIC CLUSTER COMPLETION MILESTONE 5-of-5 🎉
══════════════════════════════════════════════════════════════════════
[baseline] subs pre-fetch: 11,399
[baseline] lines pre-fetch: 9,687

[subs] processed 11,399 subs
[subs] filtered no-coords: 0
[subs] filtered out-of-bbox (Discipline #36): 1
[subs] filtered no-voltage: 6,070
[subs] Convention #78 alias hits: 213
[subs] Resolution layer counts:
[subs]   voltage_ehv: 6,146
[subs]   voltage_lv_default: 3,232
[subs]   fallback_default_dso: 1,682
[subs]   alias_hit: 213
[subs]   voltage_hv_backbone: 96
[subs]   stockholm_ellevio_geofence: 18
[subs]   stockholm_vattenfall_geofence: 6
[subs]   rail_traction_frequency: 3
[subs]   nuclear_oskarshamn_geofence: 2
[subs]   nuclear_forsmark_geofence: 1

[lines] building grid-based spatial index (0.1°/11km cells)
[lines] grid index: 1,844 occupied cells
[lines] processed 19,676 lines
[lines] endpoint match rate: 16,378/39,352
[lines] adjacency entries: 1,035

[backup] backing up ssi-data.json + grid-geo.json
[emit] ssi-data.json: 11,399 subs
[emit] grid-geo.json: 11,399 s + 19,676 l + 1,035 a
[emit] audit sidecar → scripts/pipeline/data/sweden/v4_23-ingestion-audit-sweden-merge-sidecar.json

══════════════════════════════════════════════════════════════════════
✓ Sweden P32 merge complete
  subs: 11,399 → 11,399 (+0.0%)
  lines: 9,687 → 19,676 (+103.1%)
  Convention #78 BINDING 14th alias hits: 213
  Stockholm §4bis.5 10th total hits: 24
  Discipline #41 parity: 1.73 (HEALTHY_BAND)
══════════════════════════════════════════════════════════════════════
